Component: Arm Compiler for Embedded 6.23 Tool: armlink [5f102400]

==============================================================================

Section Cross References

    startup_stm32f103xb.o(STACK) refers (Special) to heapauxi.o(.text) for __use_two_region_memory
    startup_stm32f103xb.o(HEAP) refers (Special) to heapauxi.o(.text) for __use_two_region_memory
    startup_stm32f103xb.o(RESET) refers (Special) to heapauxi.o(.text) for __use_two_region_memory
    startup_stm32f103xb.o(RESET) refers to startup_stm32f103xb.o(STACK) for __initial_sp
    startup_stm32f103xb.o(RESET) refers to startup_stm32f103xb.o(.text) for Reset_Handler
    startup_stm32f103xb.o(RESET) refers to stm32f1xx_it.o(.text.NMI_Handler) for NMI_Handler
    startup_stm32f103xb.o(RESET) refers to stm32f1xx_it.o(.text.HardFault_Handler) for HardFault_Handler
    startup_stm32f103xb.o(RESET) refers to stm32f1xx_it.o(.text.MemManage_Handler) for MemManage_Handler
    startup_stm32f103xb.o(RESET) refers to stm32f1xx_it.o(.text.BusFault_Handler) for BusFault_Handler
    startup_stm32f103xb.o(RESET) refers to stm32f1xx_it.o(.text.UsageFault_Handler) for UsageFault_Handler
    startup_stm32f103xb.o(RESET) refers to stm32f1xx_it.o(.text.SVC_Handler) for SVC_Handler
    startup_stm32f103xb.o(RESET) refers to stm32f1xx_it.o(.text.DebugMon_Handler) for DebugMon_Handler
    startup_stm32f103xb.o(RESET) refers to stm32f1xx_it.o(.text.PendSV_Handler) for PendSV_Handler
    startup_stm32f103xb.o(RESET) refers to stm32f1xx_it.o(.text.SysTick_Handler) for SysTick_Handler
    startup_stm32f103xb.o(RESET) refers to stm32f1xx_it.o(.text.ADC1_2_IRQHandler) for ADC1_2_IRQHandler
    startup_stm32f103xb.o(RESET) refers to stm32f1xx_it.o(.text.CAN1_RX1_IRQHandler) for CAN1_RX1_IRQHandler
    startup_stm32f103xb.o(RESET) refers to stm32f1xx_it.o(.text.TIM1_CC_IRQHandler) for TIM1_CC_IRQHandler
    startup_stm32f103xb.o(RESET) refers to foc_init.o(.text.TIM2_IRQHandler) for TIM2_IRQHandler
    startup_stm32f103xb.o(.text) refers (Special) to heapauxi.o(.text) for __use_two_region_memory
    startup_stm32f103xb.o(.text) refers to system_stm32f1xx.o(.text.SystemInit) for SystemInit
    startup_stm32f103xb.o(.text) refers to __main.o(!!!main) for __main
    startup_stm32f103xb.o(.text) refers to startup_stm32f103xb.o(HEAP) for Heap_Mem
    startup_stm32f103xb.o(.text) refers to startup_stm32f103xb.o(STACK) for Stack_Mem
    main.o(.text.main) refers to stm32f1xx_hal.o(.text.HAL_Init) for HAL_Init
    main.o(.text.main) refers to main.o(.text.SystemClock_Config) for SystemClock_Config
    main.o(.text.main) refers to gpio.o(.text.MX_GPIO_Init) for MX_GPIO_Init
    main.o(.text.main) refers to tim.o(.text.MX_TIM1_Init) for MX_TIM1_Init
    main.o(.text.main) refers to adc.o(.text.MX_ADC1_Init) for MX_ADC1_Init
    main.o(.text.main) refers to tim.o(.text.MX_TIM2_Init) for MX_TIM2_Init
    main.o(.text.main) refers to can.o(.text.MX_CAN_Init) for MX_CAN_Init
    main.o(.text.main) refers to log.o(.text.log_init) for log_init
    main.o(.text.main) refers to soft_iic.o(.text.I2C_Init) for I2C_Init
    main.o(.text.main) refers to as5600.o(.text.as5600Init) for as5600Init
    main.o(.text.main) refers to foc_init.o(.text.foc_root_init) for foc_root_init
    main.o(.text.main) refers to foc_init.o(.text.foc_set_target) for foc_set_target
    main.o(.text.main) refers to stm32f1xx_hal.o(.text.HAL_Delay) for HAL_Delay
    main.o(.ARM.exidx.text.main) refers to main.o(.text.main) for [Anonymous Symbol]
    main.o(.text.SystemClock_Config) refers to stm32f1xx_hal_rcc.o(.text.HAL_RCC_OscConfig) for HAL_RCC_OscConfig
    main.o(.text.SystemClock_Config) refers to main.o(.rodata.str1.1) for .L.str
    main.o(.text.SystemClock_Config) refers to segger_rtt_printf.o(.text.SEGGER_RTT_printf) for SEGGER_RTT_printf
    main.o(.text.SystemClock_Config) refers to stm32f1xx_hal_rcc.o(.text.HAL_RCC_ClockConfig) for HAL_RCC_ClockConfig
    main.o(.text.SystemClock_Config) refers to stm32f1xx_hal_rcc_ex.o(.text.HAL_RCCEx_PeriphCLKConfig) for HAL_RCCEx_PeriphCLKConfig
    main.o(.ARM.exidx.text.SystemClock_Config) refers to main.o(.text.SystemClock_Config) for [Anonymous Symbol]
    main.o(.text.Error_Handler) refers to main.o(.rodata.str1.1) for .L.str
    main.o(.text.Error_Handler) refers to segger_rtt_printf.o(.text.SEGGER_RTT_printf) for SEGGER_RTT_printf
    main.o(.ARM.exidx.text.Error_Handler) refers to main.o(.text.Error_Handler) for [Anonymous Symbol]
    gpio.o(.text.MX_GPIO_Init) refers to stm32f1xx_hal_gpio.o(.text.HAL_GPIO_WritePin) for HAL_GPIO_WritePin
    gpio.o(.text.MX_GPIO_Init) refers to stm32f1xx_hal_gpio.o(.text.HAL_GPIO_Init) for HAL_GPIO_Init
    gpio.o(.ARM.exidx.text.MX_GPIO_Init) refers to gpio.o(.text.MX_GPIO_Init) for [Anonymous Symbol]
    adc.o(.text.MX_ADC1_Init) refers to adc.o(.bss.hadc1) for hadc1
    adc.o(.text.MX_ADC1_Init) refers to stm32f1xx_hal_adc.o(.text.HAL_ADC_Init) for HAL_ADC_Init
[...]
    [Anonymous Symbol]                       0x0800628c   Section        0  foc_core.o(.text.foc_adc_offset_get)
    [Anonymous Symbol]                       0x080063fc   Section        0  foc_core.o(.text.foc_control)
    [Anonymous Symbol]                       0x080065c4   Section        0  foc_core.o(.text.foc_get_pwm_duty)
    [Anonymous Symbol]                       0x0800676c   Section        0  foc_core.o(.text.foc_get_vector_normalize)
    [Anonymous Symbol]                       0x080068cc   Section        0  foc_core.o(.text.foc_init)
    [Anonymous Symbol]                       0x080068f8   Section        0  foc_init.o(.text.foc_output)
    [Anonymous Symbol]                       0x0800690c   Section        0  foc_init.o(.text.foc_root_init)
    [Anonymous Symbol]                       0x080069f4   Section        0  foc_core.o(.text.foc_sensor_updata)
    [Anonymous Symbol]                       0x08006a60   Section        0  foc_init.o(.text.foc_set_target)
    [Anonymous Symbol]                       0x08006abc   Section        0  foc_core.o(.text.foc_target_updata)
    [Anonymous Symbol]                       0x08006ac4   Section        0  foc_core.o(.text.foc_zero_reset)
    [Anonymous Symbol]                       0x08006b28   Section        0  log.o(.text.log_init)
    [Anonymous Symbol]                       0x08006b34   Section        0  main.o(.text.main)
    i.__ARM_fpclassify                       0x08006b74   Section        0  fpclassify.o(i.__ARM_fpclassify)
    i.__ieee754_rem_pio2                     0x08006b9c   Section        0  rred.o(i.__ieee754_rem_pio2)
    i.__kernel_cos                           0x08006f24   Section        0  cos_i.o(i.__kernel_cos)
    i.__kernel_poly                          0x08007020   Section        0  poly.o(i.__kernel_poly)
    i.__kernel_sin                           0x080070cc   Section        0  sin_i.o(i.__kernel_sin)
    i.__mathlib_dbl_infnan                   0x080071b8   Section        0  dunder.o(i.__mathlib_dbl_infnan)
    i.__mathlib_dbl_invalid                  0x080071be   Section        0  dunder.o(i.__mathlib_dbl_invalid)
    i.__mathlib_dbl_underflow                0x080071cc   Section        0  dunder.o(i.__mathlib_dbl_underflow)
    i.cos                                    0x080071dc   Section        0  cos.o(i.cos)
    i.sin                                    0x08007278   Section        0  sin.o(i.sin)
    x$fpl$d2f                                0x08007318   Section       98  d2f.o(x$fpl$d2f)
    x$fpl$dadd                               0x0800737c   Section      336  daddsub_clz.o(x$fpl$dadd)
    _dadd1                                   0x0800738d   Thumb Code     0  daddsub_clz.o(x$fpl$dadd)
    x$fpl$dcheck1                            0x080074cc   Section       16  dcheck1.o(x$fpl$dcheck1)
    x$fpl$ddiv                               0x080074dc   Section      696  ddiv.o(x$fpl$ddiv)
    ddiv_entry                               0x080074e3   Thumb Code     0  ddiv.o(x$fpl$ddiv)
    x$fpl$dfix                               0x08007794   Section       94  dfix.o(x$fpl$dfix)
    x$fpl$dflt                               0x080077f2   Section       46  dflt_clz.o(x$fpl$dflt)
    x$fpl$dfltu                              0x08007820   Section       38  dflt_clz.o(x$fpl$dfltu)
    x$fpl$dmul                               0x08007848   Section      340  dmul.o(x$fpl$dmul)
    x$fpl$dnaninf                            0x0800799c   Section      156  dnaninf.o(x$fpl$dnaninf)
    x$fpl$dretinf                            0x08007a38   Section       12  dretinf.o(x$fpl$dretinf)
    x$fpl$drsb                               0x08007a44   Section       22  daddsub_clz.o(x$fpl$drsb)
    x$fpl$dsub                               0x08007a5c   Section      476  daddsub_clz.o(x$fpl$dsub)
    _dsub1                                   0x08007a6d   Thumb Code     0  daddsub_clz.o(x$fpl$dsub)
    x$fpl$f2d                                0x08007c38   Section       86  f2d.o(x$fpl$f2d)
    x$fpl$fadd                               0x08007c90   Section      196  faddsub_clz.o(x$fpl$fadd)
    _fadd1                                   0x08007c9f   Thumb Code     0  faddsub_clz.o(x$fpl$fadd)
    x$fpl$fcmp                               0x08007d54   Section       84  fcmp.o(x$fpl$fcmp)
    x$fpl$fcmpinf                            0x08007da8   Section       24  fcmpi.o(x$fpl$fcmpinf)
    _fdiv1                                   0x08007dc1   Thumb Code     0  fdiv.o(x$fpl$fdiv)
    x$fpl$fdiv                               0x08007dc0   Section      388  fdiv.o(x$fpl$fdiv)
    x$fpl$feqf                               0x08007f44   Section      104  feqf.o(x$fpl$feqf)
    x$fpl$ffix                               0x08007fac   Section       54  ffix.o(x$fpl$ffix)
    x$fpl$fflt                               0x08007fe4   Section       48  fflt_clz.o(x$fpl$fflt)
    x$fpl$ffltu                              0x08008014   Section       38  fflt_clz.o(x$fpl$ffltu)
    x$fpl$fgeqf                              0x0800803c   Section      104  fgeqf.o(x$fpl$fgeqf)
    x$fpl$fleqf                              0x080080a4   Section      104  fleqf.o(x$fpl$fleqf)
    x$fpl$fmul                               0x0800810c   Section      258  fmul.o(x$fpl$fmul)
    x$fpl$fnaninf                            0x0800820e   Section      140  fnaninf.o(x$fpl$fnaninf)
    x$fpl$fretinf                            0x0800829a   Section       10  fretinf.o(x$fpl$fretinf)
    x$fpl$fsub                               0x080082a4   Section      234  faddsub_clz.o(x$fpl$fsub)
    _fsub1                                   0x080082b3   Thumb Code     0  faddsub_clz.o(x$fpl$fsub)
    x$fpl$retnan                             0x0800838e   Section      100  retnan.o(x$fpl$retnan)
    x$fpl$scalbn                             0x080083f2   Section       92  scalbn.o(x$fpl$scalbn)
    x$fpl$trapveneer                         0x0800844e   Section       48  trapv.o(x$fpl$trapveneer)
    x$fpl$usenofp                            0x0800847e   Section        0  usenofp.o(x$fpl$usenofp)
    C                                        0x08008480   Data          48  cos_i.o(.constdata)
    .constdata                               0x08008480   Section       48  cos_i.o(.constdata)
    pio2s                                    0x080084b0   Data          48  rred.o(.constdata)
    .constdata                               0x080084b0   Section      204  rred.o(.constdata)
    twooverpi                                0x080084e0   Data         156  rred.o(.constdata)
    S                                        0x08008580   Data          40  sin_i.o(.constdata)
    .constdata                               0x08008580   Section       40  sin_i.o(.constdata)
    HAL_RCC_GetSysClockFreq.aPredivFactorTable 0x080085b8   Data           2  stm32f1xx_hal_rcc.o(.rodata.HAL_RCC_GetSysClockFreq.aPredivFactorTable)
    [Anonymous Symbol]                       0x080085b8   Section        0  stm32f1xx_hal_rcc.o(.rodata.HAL_RCC_GetSysClockFreq.aPredivFactorTable)
    HAL_RCC_GetSysClockFreq.aPLLMULFactorTable 0x080085c0   Data          16  stm32f1xx_hal_rcc.o(.rodata.cst16)
    [Anonymous Symbol]                       0x080085c0   Section        0  stm32f1xx_hal_rcc.o(.rodata.cst16)
    .Lswitch.table.HAL_TIM_IC_Start_IT       0x080085d0   Data          16  stm32f1xx_hal_tim.o(.rodata.cst16)
    .Lswitch.table.HAL_TIM_IC_Stop_IT        0x080085e0   Data          16  stm32f1xx_hal_tim.o(.rodata.cst16)
    .Lswitch.table.HAL_TIM_IC_Stop_DMA       0x080085f0   Data          16  stm32f1xx_hal_tim.o(.rodata.cst16)
    .L.str                                   0x08008630   Data          14  main.o(.rodata.str1.1)
    [Anonymous Symbol]                       0x08008630   Section        0  main.o(.rodata.str1.1)
    [Anonymous Symbol]                       0x0800863e   Section        0  segger_rtt.o(.rodata.str1.1)
    .L.str                                   0x08008645   Data           9  segger_rtt.o(.rodata.str1.1)
    .L_MergedGlobals                         0x20000000   Data           8  stm32f1xx_hal.o(.data..L_MergedGlobals)
    [Anonymous Symbol]                       0x20000000   Section        0  stm32f1xx_hal.o(.data..L_MergedGlobals)
    .bss                                     0x20000030   Section       96  libspace.o(.bss)
    .L_MergedGlobals                         0x20000090   Data          17  segger_rtt.o(.bss..L_MergedGlobals)
    _ActiveTerminal                          0x20000090   Data           1  segger_rtt.o(.bss..L_MergedGlobals)
    [Anonymous Symbol]                       0x20000090   Section        0  segger_rtt.o(.bss..L_MergedGlobals)
    _acDownBuffer                            0x20000091   Data          16  segger_rtt.o(.bss..L_MergedGlobals)
    .L_MergedGlobals                         0x200000a2   Data          10  foc_init.o(.bss..L_MergedGlobals)
    [Anonymous Symbol]                       0x200000a2   Section        0  foc_init.o(.bss..L_MergedGlobals)
    _acUpBuffer                              0x20000154   Data        1024  segger_rtt.o(.bss._acUpBuffer)
    [Anonymous Symbol]                       0x20000154   Section        0  segger_rtt.o(.bss._acUpBuffer)
    Heap_Mem                                 0x20000710   Data        1536  startup_stm32f103xb.o(HEAP)
    HEAP                                     0x20000710   Section     1536  startup_stm32f103xb.o(HEAP)
    Stack_Mem                                0x20000d10   Data        1024  startup_stm32f103xb.o(STACK)
    STACK                                    0x20000d10   Section     1024  startup_stm32f103xb.o(STACK)
    __initial_sp                             0x20001110   Data           0  startup_stm32f103xb.o(STACK)

    Global Symbols

    Symbol Name                              Value     Ov Type        Size  Object(Section)

    BuildAttributes$$THM_ISAv4$P$D$K$B$S$PE$A:L22UL41UL21$X:L11$S22US41US21$IEEE1$IW$~IW$USESV6$~STKCKD$USESV7$~SHL$OTIME$ROPI$IEEEX$EBA8$UX$STANDARDLIB$REQ8$PRES8$EABIv2 0x00000000   Number         0  anon$$obj.o ABSOLUTE
    __fp_init_empty                          0x00000000   Number         0  fpinit_empty.o ABSOLUTE
    __ARM_exceptions_init                     - Undefined Weak Reference
    __alloca_initialize                       - Undefined Weak Reference
    __arm_preinit_                            - Undefined Weak Reference
    __arm_relocate_pie_                       - Undefined Weak Reference
    __cpp_initialize__aeabi_                  - Undefined Weak Reference
    __cxa_finalize                            - Undefined Weak Reference
    __rt_locale                               - Undefined Weak Reference
    __sigvec_lookup                           - Undefined Weak Reference
    __user_heap_extent                        - Undefined Weak Reference
    _atexit_init                              - Undefined Weak Reference
    _call_atexit_fns                          - Undefined Weak Reference
    _clock_init                               - Undefined Weak Reference
    _fp_trap_init                             - Undefined Weak Reference
    _fp_trap_shutdown                         - Undefined Weak Reference
    _get_lc_collate                           - Undefined Weak Reference
    _get_lc_ctype                             - Undefined Weak Reference
    _get_lc_monetary                          - Undefined Weak Reference
    _get_lc_numeric                           - Undefined Weak Reference
    _get_lc_time                              - Undefined Weak Reference
    _getenv_init                              - Undefined Weak Reference
    _handle_redirection                       - Undefined Weak Reference
    _initio                                   - Undefined Weak Reference
    _mutex_acquire                            - Undefined Weak Reference
    _mutex_free                               - Undefined Weak Reference
    _mutex_release                            - Undefined Weak Reference
    _rand_init                                - Undefined Weak Reference
    _signal_finish                            - Undefined Weak Reference
    _signal_init                              - Undefined Weak Reference
    _terminateio                              - Undefined Weak Reference
    __Vectors_Size                           0x000000ec   Number         0  startup_stm32f103xb.o ABSOLUTE
    __Vectors                                0x08000000   Data           4  startup_stm32f103xb.o(RESET)
    __Vectors_End                            0x080000ec   Data           0  startup_stm32f103xb.o(RESET)
    __main                                   0x080000ed   Thumb Code     8  __main.o(!!!main)
    __scatterload                            0x080000f5   Thumb Code     0  __scatter.o(!!!scatter)
    __scatterload_rt2                        0x080000f5   Thumb Code    84  __scatter.o(!!!scatter)
    __scatterload_rt2_thumb_only             0x080000f5   Thumb Code     0  __scatter.o(!!!scatter)
    __scatterload_loop                       0x080000ff   Thumb Code     0  __scatter.o(!!!scatter)
    __scatterload_copy                       0x08000151   Thumb Code    26  __scatter_copy.o(!!handler_copy)
    __scatterload_null                       0x0800016d   Thumb Code     2  __scatter.o(!!handler_null)
    __scatterload_zeroinit                   0x08000171   Thumb Code    28  __scatter_zi.o(!!handler_zi)
    __rt_lib_init                            0x0800018d   Thumb Code     0  libinit.o(.ARM.Collect$$libinit$$00000000)
    __rt_lib_init_fp_1                       0x0800018f   Thumb Code     0  libinit2.o(.ARM.Collect$$libinit$$00000002)
    __rt_lib_init_heap_2                     0x0800018f   Thumb Code     0  libinit2.o(.ARM.Collect$$libinit$$00000007)
    __rt_lib_init_preinit_1                  0x0800018f   Thumb Code     0  libinit2.o(.ARM.Collect$$libinit$$00000006)
    __rt_lib_init_relocate_pie_1             0x0800018f   Thumb Code     0  libinit2.o(.ARM.Collect$$libinit$$00000004)
    __rt_lib_init_alloca_1                   0x08000197   Thumb Code     0  libinit2.o(.ARM.Collect$$libinit$$00000030)
    __rt_lib_init_argv_1                     0x08000197   Thumb Code     0  libinit2.o(.ARM.Collect$$libinit$$0000002E)
    __rt_lib_init_atexit_1                   0x08000197   Thumb Code     0  libinit2.o(.ARM.Collect$$libinit$$0000001D)
    __rt_lib_init_clock_1                    0x08000197   Thumb Code     0  libinit2.o(.ARM.Collect$$libinit$$00000023)
    __rt_lib_init_cpp_1                      0x08000197   Thumb Code     0  libinit2.o(.ARM.Collect$$libinit$$00000034)
    __rt_lib_init_exceptions_1               0x08000197   Thumb Code     0  libinit2.o(.ARM.Collect$$libinit$$00000032)
    __rt_lib_init_fp_trap_1                  0x08000197   Thumb Code     0  libinit2.o(.ARM.Collect$$libinit$$00000021)
    __rt_lib_init_getenv_1                   0x08000197   Thumb Code     0  libinit2.o(.ARM.Collect$$libinit$$00000025)
    __rt_lib_init_heap_1                     0x08000197   Thumb Code     0  libinit2.o(.ARM.Collect$$libinit$$0000000C)
    __rt_lib_init_lc_collate_1               0x08000197   Thumb Code     0  libinit2.o(.ARM.Collect$$libinit$$00000013)
    __rt_lib_init_lc_ctype_1                 0x08000197   Thumb Code     0  libinit2.o(.ARM.Collect$$libinit$$00000015)
    __rt_lib_init_lc_monetary_1              0x08000197   Thumb Code     0  libinit2.o(.ARM.Collect$$libinit$$00000017)
    __rt_lib_init_lc_numeric_1               0x08000197   Thumb Code     0  libinit2.o(.ARM.Collect$$libinit$$00000019)
    __rt_lib_init_lc_time_1                  0x08000197   Thumb Code     0  libinit2.o(.ARM.Collect$$libinit$$0000001B)
    __rt_lib_init_rand_1                     0x08000197   Thumb Code     0  libinit2.o(.ARM.Collect$$libinit$$00000010)
    __rt_lib_init_return                     0x08000197   Thumb Code     0  libinit2.o(.ARM.Collect$$libinit$$00000035)
    __rt_lib_init_signal_1                   0x08000197   Thumb Code     0  libinit2.o(.ARM.Collect$$libinit$$0000001F)
    __rt_lib_init_stdio_1                    0x08000197   Thumb Code     0  libinit2.o(.ARM.Collect$$libinit$$00000027)
    __rt_lib_init_user_alloc_1               0x08000197   Thumb Code     0  libinit2.o(.ARM.Collect$$libinit$$0000000E)
    __rt_lib_shutdown                        0x08000199   Thumb Code     0  libshutdown.o(.ARM.Collect$$libshutdown$$00000000)
    __rt_lib_shutdown_cpp_1                  0x0800019b   Thumb Code     0  libshutdown2.o(.ARM.Collect$$libshutdown$$00000002)
    __rt_lib_shutdown_fp_trap_1              0x0800019b   Thumb Code     0  libshutdown2.o(.ARM.Collect$$libshutdown$$00000007)
    __rt_lib_shutdown_heap_1                 0x0800019b   Thumb Code     0  libshutdown2.o(.ARM.Collect$$libshutdown$$0000000F)
    __rt_lib_shutdown_return                 0x0800019b   Thumb Code     0  libshutdown2.o(.ARM.Collect$$libshutdown$$00000010)
    __rt_lib_shutdown_signal_1               0x0800019b   Thumb Code     0  libshutdown2.o(.ARM.Collect$$libshutdown$$0000000A)
    __rt_lib_shutdown_stdio_1                0x0800019b   Thumb Code     0  libshutdown2.o(.ARM.Collect$$libshutdown$$00000004)
    __rt_lib_shutdown_user_alloc_1           0x0800019b   Thumb Code     0  libshutdown2.o(.ARM.Collect$$libshutdown$$0000000C)
    __rt_entry                               0x0800019d   Thumb Code     0  __rtentry.o(.ARM.Collect$$rtentry$$00000000)
    __rt_entry_presh_1                       0x0800019d   Thumb Code     0  __rtentry2.o(.ARM.Collect$$rtentry$$00000002)
    __rt_entry_sh                            0x0800019d   Thumb Code     0  __rtentry4.o(.ARM.Collect$$rtentry$$00000004)
    __rt_entry_li                            0x080001a3   Thumb Code     0  __rtentry2.o(.ARM.Collect$$rtentry$$0000000A)
    __rt_entry_postsh_1                      0x080001a3   Thumb Code     0  __rtentry2.o(.ARM.Collect$$rtentry$$00000009)
    __rt_entry_main                          0x080001a7   Thumb Code     0  __rtentry2.o(.ARM.Collect$$rtentry$$0000000D)
    __rt_entry_postli_1                      0x080001a7   Thumb Code     0  __rtentry2.o(.ARM.Collect$$rtentry$$0000000C)
    __rt_exit                                0x080001af   Thumb Code     0  rtexit.o(.ARM.Collect$$rtexit$$00000000)
    __rt_exit_ls                             0x080001b1   Thumb Code     0  rtexit2.o(.ARM.Collect$$rtexit$$00000003)
    __rt_exit_prels_1                        0x080001b1   Thumb Code     0  rtexit2.o(.ARM.Collect$$rtexit$$00000002)
    __rt_exit_exit                           0x080001b5   Thumb Code     0  rtexit2.o(.ARM.Collect$$rtexit$$00000004)
    Reset_Handler                            0x080001bd   Thumb Code     8  startup_stm32f103xb.o(.text)
    CAN1_SCE_IRQHandler                      0x080001d7   Thumb Code     0  startup_stm32f103xb.o(.text)
    DMA1_Channel1_IRQHandler                 0x080001d7   Thumb Code     0  startup_stm32f103xb.o(.text)
    DMA1_Channel2_IRQHandler                 0x080001d7   Thumb Code     0  startup_stm32f103xb.o(.text)
    DMA1_Channel3_IRQHandler                 0x080001d7   Thumb Code     0  startup_stm32f103xb.o(.text)
    DMA1_Channel4_IRQHandler                 0x080001d7   Thumb Code     0  startup_stm32f103xb.o(.text)
    DMA1_Channel5_IRQHandler                 0x080001d7   Thumb Code     0  startup_stm32f103xb.o(.text)
    DMA1_Channel6_IRQHandler                 0x080001d7   Thumb Code     0  startup_stm32f103xb.o(.text)
    DMA1_Channel7_IRQHandler                 0x080001d7   Thumb Code     0  startup_stm32f103xb.o(.text)
    EXTI0_IRQHandler                         0x080001d7   Thumb Code     0  startup_stm32f103xb.o(.text)
    EXTI15_10_IRQHandler                     0x080001d7   Thumb Code     0  startup_stm32f103xb.o(.text)
    EXTI1_IRQHandler                         0x080001d7   Thumb Code     0  startup_stm32f103xb.o(.text)
    EXTI2_IRQHandler                         0x080001d7   Thumb Code     0  startup_stm32f103xb.o(.text)
    EXTI3_IRQHandler                         0x080001d7   Thumb Code     0  startup_stm32f103xb.o(.text)
    EXTI4_IRQHandler                         0x080001d7   Thumb Code     0  startup_stm32f103xb.o(.text)
    EXTI9_5_IRQHandler                       0x080001d7   Thumb Code     0  startup_stm32f103xb.o(.text)
    FLASH_IRQHandler                         0x080001d7   Thumb Code     0  startup_stm32f103xb.o(.text)
    I2C1_ER_IRQHandler                       0x080001d7   Thumb Code     0  startup_stm32f103xb.o(.text)
    I2C1_EV_IRQHandler                       0x080001d7   Thumb Code     0  startup_stm32f103xb.o(.text)
    I2C2_ER_IRQHandler                       0x080001d7   Thumb Code     0  startup_stm32f103xb.o(.text)
    I2C2_EV_IRQHandler                       0x080001d7   Thumb Code     0  startup_stm32f103xb.o(.text)
    PVD_IRQHandler                           0x080001d7   Thumb Code     0  startup_stm32f103xb.o(.text)
    RCC_IRQHandler                           0x080001d7   Thumb Code     0  startup_stm32f103xb.o(.text)
    RTC_Alarm_IRQHandler                     0x080001d7   Thumb Code     0  startup_stm32f103xb.o(.text)
    RTC_IRQHandler                           0x080001d7   Thumb Code     0  startup_stm32f103xb.o(.text)
    SPI1_IRQHandler                          0x080001d7   Thumb Code     0  startup_stm32f103xb.o(.text)
    SPI2_IRQHandler                          0x080001d7   Thumb Code     0  startup_stm32f103xb.o(.text)
    TAMPER_IRQHandler                        0x080001d7   Thumb Code     0  startup_stm32f103xb.o(.text)
    TIM1_BRK_IRQHandler                      0x080001d7   Thumb Code     0  startup_stm32f103xb.o(.text)
    TIM1_TRG_COM_IRQHandler                  0x080001d7   Thumb Code     0  startup_stm32f103xb.o(.text)
    TIM1_UP_IRQHandler                       0x080001d7   Thumb Code     0  startup_stm32f103xb.o(.text)
    TIM3_IRQHandler                          0x080001d7   Thumb Code     0  startup_stm32f103xb.o(.text)
    TIM4_IRQHandler                          0x080001d7   Thumb Code     0  startup_stm32f103xb.o(.text)
    USART1_IRQHandler                        0x080001d7   Thumb Code     0  startup_stm32f103xb.o(.text)
    USART2_IRQHandler                        0x080001d7   Thumb Code     0  startup_stm32f103xb.o(.text)
    USART3_IRQHandler                        0x080001d7   Thumb Code     0  startup_stm32f103xb.o(.text)
    USBWakeUp_IRQHandler                     0x080001d7   Thumb Code     0  startup_stm32f103xb.o(.text)
    USB_HP_CAN1_TX_IRQHandler                0x080001d7   Thumb Code     0  startup_stm32f103xb.o(.text)
    USB_LP_CAN1_RX0_IRQHandler               0x080001d7   Thumb Code     0  startup_stm32f103xb.o(.text)
    WWDG_IRQHandler                          0x080001d7   Thumb Code     0  startup_stm32f103xb.o(.text)
    __user_initial_stackheap                 0x080001d9   Thumb Code     0  startup_stm32f103xb.o(.text)
    malloc                                   0x080001fd   Thumb Code    94  h1_alloc.o(.text)
    free                                     0x0800025b   Thumb Code    78  h1_free.o(.text)
    __aeabi_memcpy                           0x080002a9   Thumb Code     0  rt_memcpy_v6.o(.text)
    __rt_memcpy                              0x080002a9   Thumb Code   138  rt_memcpy_v6.o(.text)
    _memcpy_lastbytes                        0x0800030f   Thumb Code     0  rt_memcpy_v6.o(.text)
    __use_two_region_memory                  0x08000333   Thumb Code     2  heapauxi.o(.text)
    __rt_heap_escrow                         0x08000335   Thumb Code     2  heapauxi.o(.text)
    __rt_heap_expand                         0x08000337   Thumb Code     2  heapauxi.o(.text)
    __rt_heap_descriptor                     0x08000339   Thumb Code     8  rt_heap_descriptor_intlibspace.o(.text)
    __use_no_heap                            0x08000341   Thumb Code     2  hguard.o(.text)
    __heap$guard                             0x08000343   Thumb Code     2  hguard.o(.text)
    _terminate_user_alloc                    0x08000345   Thumb Code     2  init_alloc.o(.text)
    _init_user_alloc                         0x08000347   Thumb Code     2  init_alloc.o(.text)
    __Heap_Full                              0x08000349   Thumb Code    34  init_alloc.o(.text)
    __Heap_Broken                            0x0800036b   Thumb Code     6  init_alloc.o(.text)
    _init_alloc                              0x08000371   Thumb Code    94  init_alloc.o(.text)
    __Heap_Initialize                        0x080003cf   Thumb Code     8  h1_init.o(.text)
    __Heap_DescSize                          0x080003d7   Thumb Code     4  h1_init.o(.text)
    __read_errno                             0x080003db   Thumb Code    10  _rserrno.o(.text)
    __set_errno                              0x080003e5   Thumb Code    12  _rserrno.o(.text)
    __aeabi_memcpy4                          0x080003f1   Thumb Code     0  rt_memcpy_w.o(.text)
    __aeabi_memcpy8                          0x080003f1   Thumb Code     0  rt_memcpy_w.o(.text)
    __rt_memcpy_w                            0x080003f1   Thumb Code   100  rt_memcpy_w.o(.text)
    _memcpy_lastbytes_aligned                0x08000439   Thumb Code     0  rt_memcpy_w.o(.text)
    __user_libspace                          0x08000455   Thumb Code     8  libspace.o(.text)
    __user_perproc_libspace                  0x08000455   Thumb Code     0  libspace.o(.text)
    __user_perthread_libspace                0x08000455   Thumb Code     0  libspace.o(.text)
    __aeabi_errno_addr                       0x0800045d   Thumb Code     8  rt_errno_addr_intlibspace.o(.text)
    __errno$intlibspace                      0x0800045d   Thumb Code     0  rt_errno_addr_intlibspace.o(.text)
    __rt_errno_addr$intlibspace              0x0800045d   Thumb Code     0  rt_errno_addr_intlibspace.o(.text)
    __Heap_ProvideMemory                     0x08000465   Thumb Code    52  h1_extend.o(.text)
    _maybe_terminate_alloc                   0x08000465   Thumb Code     0  maybetermalloc1.o(.text)
    __rt_SIGRTMEM                            0x08000499   Thumb Code    14  defsig_rtmem_outer.o(.text)
    __I$use$semihosting                      0x080004a7   Thumb Code     0  use_no_semi.o(.text)
    __use_no_semihosting_swi                 0x080004a7   Thumb Code     2  use_no_semi.o(.text)
    __semihosting_library_function           0x080004a9   Thumb Code     0  indicate_semi.o(.text)
    __user_setup_stackheap                   0x080004a9   Thumb Code    74  sys_stackheap_outer.o(.text)
    exit                                     0x080004f3   Thumb Code    18  exit.o(.text)
    __sig_exit                               0x08000505   Thumb Code    10  defsig_exit.o(.text)
    __rt_SIGRTMEM_inner                      0x08000511   Thumb Code    22  defsig_rtmem_inner.o(.text)
    _sys_exit                                0x08000561   Thumb Code     8  sys_exit.o(.text)
    __default_signal_display                 0x0800056d   Thumb Code    50  defsig_general.o(.text)
    _ttywrch                                 0x0800059f   Thumb Code    14  sys_wrch.o(.text)
    ADC1_2_IRQHandler                        0x080005ad   Thumb Code    12  stm32f1xx_it.o(.text.ADC1_2_IRQHandler)
    ADC_Enable                               0x080005b9   Thumb Code   174  stm32f1xx_hal_adc.o(.text.ADC_Enable)
    BusFault_Handler                         0x08000669   Thumb Code     2  stm32f1xx_it.o(.text.BusFault_Handler)
    CAN1_RX1_IRQHandler                      0x0800066d   Thumb Code    34  stm32f1xx_it.o(.text.CAN1_RX1_IRQHandler)
    DebugMon_Handler                         0x08000691   Thumb Code     2  stm32f1xx_it.o(.text.DebugMon_Handler)
    Error_Handler                            0x08000695   Thumb Code    26  main.o(.text.Error_Handler)
    HAL_ADCEx_InjectedConfigChannel          0x080006b1   Thumb Code   538  stm32f1xx_hal_adc_ex.o(.text.HAL_ADCEx_InjectedConfigChannel)
    HAL_ADCEx_InjectedConvCpltCallback       0x080008cd   Thumb Code   140  foc_init.o(.text.HAL_ADCEx_InjectedConvCpltCallback)
    HAL_ADCEx_InjectedGetValue               0x08000959   Thumb Code    20  stm32f1xx_hal_adc_ex.o(.text.HAL_ADCEx_InjectedGetValue)
    HAL_ADCEx_InjectedStart_IT               0x0800096d   Thumb Code   184  stm32f1xx_hal_adc_ex.o(.text.HAL_ADCEx_InjectedStart_IT)
    HAL_ADC_ConvCpltCallback                 0x08000a25   Thumb Code     2  stm32f1xx_hal_adc.o(.text.HAL_ADC_ConvCpltCallback)
    HAL_ADC_IRQHandler                       0x08000a29   Thumb Code   238  stm32f1xx_hal_adc.o(.text.HAL_ADC_IRQHandler)
    HAL_ADC_Init                             0x08000b19   Thumb Code   344  stm32f1xx_hal_adc.o(.text.HAL_ADC_Init)
    HAL_ADC_LevelOutOfWindowCallback         0x08000c71   Thumb Code     2  stm32f1xx_hal_adc.o(.text.HAL_ADC_LevelOutOfWindowCallback)
    HAL_ADC_MspInit                          0x08000c75   Thumb Code   116  adc.o(.text.HAL_ADC_MspInit)
    HAL_CAN_ActivateNotification             0x08000ce9   Thumb Code    46  stm32f1xx_hal_can.o(.text.HAL_CAN_ActivateNotification)
    HAL_CAN_ConfigFilter                     0x08000d19   Thumb Code   234  stm32f1xx_hal_can.o(.text.HAL_CAN_ConfigFilter)
    HAL_CAN_ErrorCallback                    0x08000e05   Thumb Code     2  stm32f1xx_hal_can.o(.text.HAL_CAN_ErrorCallback)
    HAL_CAN_GetRxMessage                     0x08000e09   Thumb Code   302  stm32f1xx_hal_can.o(.text.HAL_CAN_GetRxMessage)
    HAL_CAN_IRQHandler                       0x08000f39   Thumb Code   606  stm32f1xx_hal_can.o(.text.HAL_CAN_IRQHandler)
    HAL_CAN_Init                             0x08001199   Thumb Code   244  stm32f1xx_hal_can.o(.text.HAL_CAN_Init)
    HAL_CAN_MspInit                          0x0800128d   Thumb Code   142  can.o(.text.HAL_CAN_MspInit)
    HAL_CAN_RxFifo0FullCallback              0x0800131d   Thumb Code     2  stm32f1xx_hal_can.o(.text.HAL_CAN_RxFifo0FullCallback)
    HAL_CAN_RxFifo0MsgPendingCallback        0x08001321   Thumb Code     2  stm32f1xx_hal_can.o(.text.HAL_CAN_RxFifo0MsgPendingCallback)
    HAL_CAN_RxFifo1FullCallback              0x08001325   Thumb Code     2  stm32f1xx_hal_can.o(.text.HAL_CAN_RxFifo1FullCallback)
    HAL_CAN_RxFifo1MsgPendingCallback        0x08001329   Thumb Code     2  stm32f1xx_hal_can.o(.text.HAL_CAN_RxFifo1MsgPendingCallback)
    HAL_CAN_SleepCallback                    0x0800132d   Thumb Code     2  stm32f1xx_hal_can.o(.text.HAL_CAN_SleepCallback)
    HAL_CAN_Start                            0x08001331   Thumb Code    90  stm32f1xx_hal_can.o(.text.HAL_CAN_Start)
    HAL_CAN_TxMailbox0AbortCallback          0x0800138d   Thumb Code     2  stm32f1xx_hal_can.o(.text.HAL_CAN_TxMailbox0AbortCallback)
    HAL_CAN_TxMailbox0CompleteCallback       0x08001391   Thumb Code     2  stm32f1xx_hal_can.o(.text.HAL_CAN_TxMailbox0CompleteCallback)
    HAL_CAN_TxMailbox1AbortCallback          0x08001395   Thumb Code     2  stm32f1xx_hal_can.o(.text.HAL_CAN_TxMailbox1AbortCallback)
    HAL_CAN_TxMailbox1CompleteCallback       0x08001399   Thumb Code     2  stm32f1xx_hal_can.o(.text.HAL_CAN_TxMailbox1CompleteCallback)
    HAL_CAN_TxMailbox2AbortCallback          0x0800139d   Thumb Code     2  stm32f1xx_hal_can.o(.text.HAL_CAN_TxMailbox2AbortCallback)
    HAL_CAN_TxMailbox2CompleteCallback       0x080013a1   Thumb Code     2  stm32f1xx_hal_can.o(.text.HAL_CAN_TxMailbox2CompleteCallback)
    HAL_CAN_WakeUpFromRxMsgCallback          0x080013a5   Thumb Code     2  stm32f1xx_hal_can.o(.text.HAL_CAN_WakeUpFromRxMsgCallback)
    HAL_Delay                                0x080013a9   Thumb Code    40  stm32f1xx_hal.o(.text.HAL_Delay)
    HAL_GPIO_Init                            0x080013d1   Thumb Code   526  stm32f1xx_hal_gpio.o(.text.HAL_GPIO_Init)
    HAL_GPIO_ReadPin                         0x080015e1   Thumb Code    10  stm32f1xx_hal_gpio.o(.text.HAL_GPIO_ReadPin)
    HAL_GPIO_TogglePin                       0x080015ed   Thumb Code    16  stm32f1xx_hal_gpio.o(.text.HAL_GPIO_TogglePin)
    HAL_GPIO_WritePin                        0x080015fd   Thumb Code    10  stm32f1xx_hal_gpio.o(.text.HAL_GPIO_WritePin)
    HAL_GetTick                              0x08001609   Thumb Code    12  stm32f1xx_hal.o(.text.HAL_GetTick)
    HAL_IncTick                              0x08001615   Thumb Code    26  stm32f1xx_hal.o(.text.HAL_IncTick)
    HAL_Init                                 0x08001631   Thumb Code    38  stm32f1xx_hal.o(.text.HAL_Init)
    HAL_InitTick                             0x08001659   Thumb Code    72  stm32f1xx_hal.o(.text.HAL_InitTick)
    HAL_MspInit                              0x080016a1   Thumb Code    66  stm32f1xx_hal_msp.o(.text.HAL_MspInit)
    HAL_NVIC_EnableIRQ                       0x080016e5   Thumb Code    34  stm32f1xx_hal_cortex.o(.text.HAL_NVIC_EnableIRQ)
    HAL_NVIC_SetPriority                     0x08001709   Thumb Code    86  stm32f1xx_hal_cortex.o(.text.HAL_NVIC_SetPriority)
    HAL_NVIC_SetPriorityGrouping             0x08001761   Thumb Code    32  stm32f1xx_hal_cortex.o(.text.HAL_NVIC_SetPriorityGrouping)
    HAL_RCCEx_PeriphCLKConfig                0x08001781   Thumb Code   258  stm32f1xx_hal_rcc_ex.o(.text.HAL_RCCEx_PeriphCLKConfig)
    HAL_RCC_ClockConfig                      0x08001885   Thumb Code   442  stm32f1xx_hal_rcc.o(.text.HAL_RCC_ClockConfig)
    HAL_RCC_OscConfig                        0x08001a41   Thumb Code  1024  stm32f1xx_hal_rcc.o(.text.HAL_RCC_OscConfig)
    HAL_SYSTICK_Config                       0x08001e41   Thumb Code    44  stm32f1xx_hal_cortex.o(.text.HAL_SYSTICK_Config)
    HAL_TIMEx_BreakCallback                  0x08001e6d   Thumb Code     2  stm32f1xx_hal_tim_ex.o(.text.HAL_TIMEx_BreakCallback)
    HAL_TIMEx_CommutCallback                 0x08001e71   Thumb Code     2  stm32f1xx_hal_tim_ex.o(.text.HAL_TIMEx_CommutCallback)
    HAL_TIMEx_ConfigBreakDeadTime            0x08001e75   Thumb Code    76  stm32f1xx_hal_tim_ex.o(.text.HAL_TIMEx_ConfigBreakDeadTime)
    HAL_TIMEx_MasterConfigSynchronization    0x08001ec1   Thumb Code   126  stm32f1xx_hal_tim_ex.o(.text.HAL_TIMEx_MasterConfigSynchronization)
    HAL_TIM_Base_Init                        0x08001f41   Thumb Code   250  stm32f1xx_hal_tim.o(.text.HAL_TIM_Base_Init)
    HAL_TIM_Base_MspInit                     0x0800203d   Thumb Code   116  tim.o(.text.HAL_TIM_Base_MspInit)
    HAL_TIM_Base_Start_IT                    0x080020b1   Thumb Code   110  stm32f1xx_hal_tim.o(.text.HAL_TIM_Base_Start_IT)
    HAL_TIM_ConfigClockSource                0x08002121   Thumb Code   416  stm32f1xx_hal_tim.o(.text.HAL_TIM_ConfigClockSource)
    HAL_TIM_IC_CaptureCallback               0x080022c1   Thumb Code     2  stm32f1xx_hal_tim.o(.text.HAL_TIM_IC_CaptureCallback)
    HAL_TIM_IRQHandler                       0x080022c5   Thumb Code   334  stm32f1xx_hal_tim.o(.text.HAL_TIM_IRQHandler)
    HAL_TIM_OC_ConfigChannel                 0x08002415   Thumb Code   420  stm32f1xx_hal_tim.o(.text.HAL_TIM_OC_ConfigChannel)
    HAL_TIM_OC_DelayElapsedCallback          0x080025b9   Thumb Code    58  foc_init.o(.text.HAL_TIM_OC_DelayElapsedCallback)
    HAL_TIM_OC_Init                          0x080025f5   Thumb Code   250  stm32f1xx_hal_tim.o(.text.HAL_TIM_OC_Init)
    HAL_TIM_OC_MspInit                       0x080026f1   Thumb Code     2  stm32f1xx_hal_tim.o(.text.HAL_TIM_OC_MspInit)
    HAL_TIM_OC_Start_IT                      0x080026f5   Thumb Code   282  stm32f1xx_hal_tim.o(.text.HAL_TIM_OC_Start_IT)
    HAL_TIM_PWM_ConfigChannel                0x08002811   Thumb Code   516  stm32f1xx_hal_tim.o(.text.HAL_TIM_PWM_ConfigChannel)
    HAL_TIM_PWM_Init                         0x08002a15   Thumb Code   250  stm32f1xx_hal_tim.o(.text.HAL_TIM_PWM_Init)
    HAL_TIM_PWM_MspInit                      0x08002b11   Thumb Code     2  stm32f1xx_hal_tim.o(.text.HAL_TIM_PWM_MspInit)
    HAL_TIM_PWM_PulseFinishedCallback        0x08002b15   Thumb Code     2  stm32f1xx_hal_tim.o(.text.HAL_TIM_PWM_PulseFinishedCallback)
    HAL_TIM_PWM_Start                        0x08002b19   Thumb Code   218  stm32f1xx_hal_tim.o(.text.HAL_TIM_PWM_Start)
    HAL_TIM_PeriodElapsedCallback            0x08002bf5   Thumb Code     2  stm32f1xx_hal_tim.o(.text.HAL_TIM_PeriodElapsedCallback)
    HAL_TIM_TriggerCallback                  0x08002bf9   Thumb Code     2  stm32f1xx_hal_tim.o(.text.HAL_TIM_TriggerCallback)
    HardFault_Handler                        0x08002bfd   Thumb Code     2  stm32f1xx_it.o(.text.HardFault_Handler)
    I2C_Init                                 0x08002c01   Thumb Code    92  soft_iic.o(.text.I2C_Init)
    I2C_Read_Bytes                           0x08003159   Thumb Code  4086  soft_iic.o(.text.I2C_Read_Bytes)
    I2C_Write_Bytes                          0x080042d5   Thumb Code  4060  soft_iic.o(.text.I2C_Write_Bytes)
    MX_ADC1_Init                             0x080052b1   Thumb Code   136  adc.o(.text.MX_ADC1_Init)
    MX_CAN_Init                              0x08005339   Thumb Code   112  can.o(.text.MX_CAN_Init)
    MX_GPIO_Init                             0x080053a9   Thumb Code   104  gpio.o(.text.MX_GPIO_Init)
    MX_TIM1_Init                             0x08005411   Thumb Code   432  tim.o(.text.MX_TIM1_Init)
    MX_TIM2_Init                             0x080055c1   Thumb Code   114  tim.o(.text.MX_TIM2_Init)
    MemManage_Handler                        0x08005635   Thumb Code     2  stm32f1xx_it.o(.text.MemManage_Handler)
    NMI_Handler                              0x08005639   Thumb Code     2  stm32f1xx_it.o(.text.NMI_Handler)
    PendSV_Handler                           0x0800563d   Thumb Code     2  stm32f1xx_it.o(.text.PendSV_Handler)
    SEGGER_RTT_Init                          0x08005641   Thumb Code   118  segger_rtt.o(.text.SEGGER_RTT_Init)
    SEGGER_RTT_Write                         0x080056b9   Thumb Code   154  segger_rtt.o(.text.SEGGER_RTT_Write)
    SEGGER_RTT_WriteNoLock                   0x08005755   Thumb Code   326  segger_rtt.o(.text.SEGGER_RTT_WriteNoLock)
    SEGGER_RTT_printf                        0x0800589d   Thumb Code    30  segger_rtt_printf.o(.text.SEGGER_RTT_printf)
    SEGGER_RTT_vprintf                       0x080058bd   Thumb Code  1590  segger_rtt_printf.o(.text.SEGGER_RTT_vprintf)
    SVC_Handler                              0x08005ef5   Thumb Code     2  stm32f1xx_it.o(.text.SVC_Handler)
    SysTick_Handler                          0x08005ef9   Thumb Code     4  stm32f1xx_it.o(.text.SysTick_Handler)
    SystemClock_Config                       0x08005efd   Thumb Code   180  main.o(.text.SystemClock_Config)
    SystemInit                               0x08005fb1   Thumb Code     2  system_stm32f1xx.o(.text.SystemInit)
    TIM1_CC_IRQHandler                       0x08005fb5   Thumb Code    12  stm32f1xx_it.o(.text.TIM1_CC_IRQHandler)
    TIM2_IRQHandler                          0x08005fc1   Thumb Code    38  foc_init.o(.text.TIM2_IRQHandler)
    UsageFault_Handler                       0x08005fe9   Thumb Code     2  stm32f1xx_it.o(.text.UsageFault_Handler)
    as5600GetAngleRadians                    0x080061e5   Thumb Code    80  as5600.o(.text.as5600GetAngleRadians)
    as5600Init                               0x08006235   Thumb Code    86  as5600.o(.text.as5600Init)
    foc_adc_offset_get                       0x0800628d   Thumb Code   366  foc_core.o(.text.foc_adc_offset_get)
    foc_control                              0x080063fd   Thumb Code   454  foc_core.o(.text.foc_control)
    foc_get_pwm_duty                         0x080065c5   Thumb Code   424  foc_core.o(.text.foc_get_pwm_duty)
    foc_get_vector_normalize                 0x0800676d   Thumb Code   352  foc_core.o(.text.foc_get_vector_normalize)
    foc_init                                 0x080068cd   Thumb Code    42  foc_core.o(.text.foc_init)
    foc_output                               0x080068f9   Thumb Code    18  foc_init.o(.text.foc_output)
    foc_root_init                            0x0800690d   Thumb Code   230  foc_init.o(.text.foc_root_init)
    foc_sensor_updata                        0x080069f5   Thumb Code   108  foc_core.o(.text.foc_sensor_updata)
    foc_set_target                           0x08006a61   Thumb Code    92  foc_init.o(.text.foc_set_target)
    foc_target_updata                        0x08006abd   Thumb Code     6  foc_core.o(.text.foc_target_updata)
    foc_zero_reset                           0x08006ac5   Thumb Code   100  foc_core.o(.text.foc_zero_reset)
    log_init                                 0x08006b29   Thumb Code    10  log.o(.text.log_init)
    main                                     0x08006b35   Thumb Code    64  main.o(.text.main)
    __ARM_fpclassify                         0x08006b75   Thumb Code    40  fpclassify.o(i.__ARM_fpclassify)
    __ieee754_rem_pio2                       0x08006b9d   Thumb Code   828  rred.o(i.__ieee754_rem_pio2)
    __kernel_cos                             0x08006f25   Thumb Code   230  cos_i.o(i.__kernel_cos)
    __kernel_poly                            0x08007021   Thumb Code   170  poly.o(i.__kernel_poly)
    __kernel_sin                             0x080070cd   Thumb Code   224  sin_i.o(i.__kernel_sin)
    __mathlib_dbl_infnan                     0x080071b9   Thumb Code     6  dunder.o(i.__mathlib_dbl_infnan)
    __mathlib_dbl_invalid                    0x080071bf   Thumb Code    12  dunder.o(i.__mathlib_dbl_invalid)
    __mathlib_dbl_underflow                  0x080071cd   Thumb Code    10  dunder.o(i.__mathlib_dbl_underflow)
    cos                                      0x080071dd   Thumb Code   148  cos.o(i.cos)
    sin                                      0x08007279   Thumb Code   150  sin.o(i.sin)
    __aeabi_d2f                              0x08007319   Thumb Code     0  d2f.o(x$fpl$d2f)
    _d2f                                     0x08007319   Thumb Code    98  d2f.o(x$fpl$d2f)
    __aeabi_dadd                             0x0800737d   Thumb Code     0  daddsub_clz.o(x$fpl$dadd)
    _dadd                                    0x0800737d   Thumb Code   332  daddsub_clz.o(x$fpl$dadd)
    __fpl_dcheck_NaN1                        0x080074cd   Thumb Code    10  dcheck1.o(x$fpl$dcheck1)
    __aeabi_ddiv                             0x080074dd   Thumb Code     0  ddiv.o(x$fpl$ddiv)
    _ddiv                                    0x080074dd   Thumb Code   560  ddiv.o(x$fpl$ddiv)
    __aeabi_d2iz                             0x08007795   Thumb Code     0  dfix.o(x$fpl$dfix)
    _dfix                                    0x08007795   Thumb Code    94  dfix.o(x$fpl$dfix)
    __aeabi_i2d                              0x080077f3   Thumb Code     0  dflt_clz.o(x$fpl$dflt)
    _dflt                                    0x080077f3   Thumb Code    46  dflt_clz.o(x$fpl$dflt)
    __aeabi_ui2d                             0x08007821   Thumb Code     0  dflt_clz.o(x$fpl$dfltu)
    _dfltu                                   0x08007821   Thumb Code    38  dflt_clz.o(x$fpl$dfltu)
    __aeabi_dmul                             0x08007849   Thumb Code     0  dmul.o(x$fpl$dmul)
    _dmul                                    0x08007849   Thumb Code   332  dmul.o(x$fpl$dmul)
    __fpl_dnaninf                            0x0800799d   Thumb Code   156  dnaninf.o(x$fpl$dnaninf)
    __fpl_dretinf                            0x08007a39   Thumb Code    12  dretinf.o(x$fpl$dretinf)
    __aeabi_drsub                            0x08007a45   Thumb Code     0  daddsub_clz.o(x$fpl$drsb)
    _drsb                                    0x08007a45   Thumb Code    22  daddsub_clz.o(x$fpl$drsb)
    __aeabi_dsub                             0x08007a5d   Thumb Code     0  daddsub_clz.o(x$fpl$dsub)
    _dsub                                    0x08007a5d   Thumb Code   472  daddsub_clz.o(x$fpl$dsub)
    __aeabi_f2d                              0x08007c39   Thumb Code     0  f2d.o(x$fpl$f2d)
    _f2d                                     0x08007c39   Thumb Code    86  f2d.o(x$fpl$f2d)
    __aeabi_fadd                             0x08007c91   Thumb Code     0  faddsub_clz.o(x$fpl$fadd)
    _fadd                                    0x08007c91   Thumb Code   196  faddsub_clz.o(x$fpl$fadd)
    __aeabi_fcmpeq                           0x08007d55   Thumb Code     0  fcmp.o(x$fpl$fcmp)
    _feq                                     0x08007d55   Thumb Code    14  fcmp.o(x$fpl$fcmp)
    _fneq                                    0x08007d63   Thumb Code    14  fcmp.o(x$fpl$fcmp)
    __aeabi_fcmpgt                           0x08007d71   Thumb Code     0  fcmp.o(x$fpl$fcmp)
    _fgr                                     0x08007d71   Thumb Code    14  fcmp.o(x$fpl$fcmp)
    __aeabi_fcmpge                           0x08007d7f   Thumb Code     0  fcmp.o(x$fpl$fcmp)
    _fgeq                                    0x08007d7f   Thumb Code    14  fcmp.o(x$fpl$fcmp)
    __aeabi_fcmple                           0x08007d8d   Thumb Code     0  fcmp.o(x$fpl$fcmp)
    _fleq                                    0x08007d8d   Thumb Code    14  fcmp.o(x$fpl$fcmp)
    __aeabi_fcmplt                           0x08007d9b   Thumb Code     0  fcmp.o(x$fpl$fcmp)
    _fls                                     0x08007d9b   Thumb Code    14  fcmp.o(x$fpl$fcmp)
    __fpl_fcmp_Inf                           0x08007da9   Thumb Code    24  fcmpi.o(x$fpl$fcmpinf)
    __aeabi_fdiv                             0x08007dc1   Thumb Code     0  fdiv.o(x$fpl$fdiv)
    _fdiv                                    0x08007dc1   Thumb Code   384  fdiv.o(x$fpl$fdiv)
    __aeabi_cfcmpeq                          0x08007f45   Thumb Code     0  feqf.o(x$fpl$feqf)
    _fcmpeq                                  0x08007f45   Thumb Code   104  feqf.o(x$fpl$feqf)
    __aeabi_f2iz                             0x08007fad   Thumb Code     0  ffix.o(x$fpl$ffix)
    _ffix                                    0x08007fad   Thumb Code    54  ffix.o(x$fpl$ffix)
    __aeabi_i2f                              0x08007fe5   Thumb Code     0  fflt_clz.o(x$fpl$fflt)
    _fflt                                    0x08007fe5   Thumb Code    48  fflt_clz.o(x$fpl$fflt)
    __aeabi_ui2f                             0x08008015   Thumb Code     0  fflt_clz.o(x$fpl$ffltu)
    _ffltu                                   0x08008015   Thumb Code    38  fflt_clz.o(x$fpl$ffltu)
    _fcmpge                                  0x0800803d   Thumb Code   104  fgeqf.o(x$fpl$fgeqf)
    __aeabi_cfcmple                          0x080080a5   Thumb Code     0  fleqf.o(x$fpl$fleqf)
    _fcmple                                  0x080080a5   Thumb Code   104  fleqf.o(x$fpl$fleqf)
    __fpl_fcmple_InfNaN                      0x080080f7   Thumb Code     0  fleqf.o(x$fpl$fleqf)
    __aeabi_fmul                             0x0800810d   Thumb Code     0  fmul.o(x$fpl$fmul)
    _fmul                                    0x0800810d   Thumb Code   258  fmul.o(x$fpl$fmul)
    __fpl_fnaninf                            0x0800820f   Thumb Code   140  fnaninf.o(x$fpl$fnaninf)
    __fpl_fretinf                            0x0800829b   Thumb Code    10  fretinf.o(x$fpl$fretinf)
    __aeabi_fsub                             0x080082a5   Thumb Code     0  faddsub_clz.o(x$fpl$fsub)
    _fsub                                    0x080082a5   Thumb Code   234  faddsub_clz.o(x$fpl$fsub)
    __fpl_return_NaN                         0x0800838f   Thumb Code   100  retnan.o(x$fpl$retnan)
    __ARM_scalbn                             0x080083f3   Thumb Code    92  scalbn.o(x$fpl$scalbn)
    __fpl_cmpreturn                          0x0800844f   Thumb Code    48  trapv.o(x$fpl$trapveneer)
    __I$use$fp                               0x0800847e   Number         0  usenofp.o(x$fpl$usenofp)
    AHBPrescTable                            0x080085a8   Data          16  system_stm32f1xx.o(.rodata.AHBPrescTable)
    N2sector                                 0x080085ba   Data           6  foc_core.o(.rodata.N2sector)
    sector2vector                            0x08008600   Data          12  foc_core.o(.rodata.sector2vector)
    sector2vector_mask                       0x0800860c   Data          36  foc_core.o(.rodata.sector2vector_mask)
    Region$$Table$$Base                      0x08008650   Number         0  anon$$obj.o(Region$$Table)
    Region$$Table$$Limit                     0x08008670   Number         0  anon$$obj.o(Region$$Table)
    uwTickFreq                               0x20000000   Data           1  stm32f1xx_hal.o(.data..L_MergedGlobals)
    uwTickPrio                               0x20000004   Data           4  stm32f1xx_hal.o(.data..L_MergedGlobals)
    SystemCoreClock                          0x20000008   Data           4  system_stm32f1xx.o(.data.SystemCoreClock)
    cfg                                      0x2000000c   Data          32  foc_init.o(.data.cfg)
    __libspace_start                         0x20000030   Data          96  libspace.o(.bss)
    __temporary_stack_top$libspace           0x20000090   Data           0  libspace.o(.bss)
    injected_data                            0x200000a2   Data           4  foc_init.o(.bss..L_MergedGlobals)
    current_data                             0x200000a6   Data           6  foc_init.o(.bss..L_MergedGlobals)
    _SEGGER_RTT                              0x200000ac   Data         168  segger_rtt.o(.bss._SEGGER_RTT)
    foc                                      0x20000554   Data         200  foc_init.o(.bss.foc)
    hadc1                                    0x2000061c   Data          48  adc.o(.bss.hadc1)
    hcan                                     0x2000064c   Data          40  can.o(.bss.hcan)
    htim1                                    0x20000674   Data          72  tim.o(.bss.htim1)
    htim2                                    0x200006bc   Data          72  tim.o(.bss.htim2)
    iic_time_out_cnt                         0x20000704   Data           2  soft_iic.o(.bss.iic_time_out_cnt)
    rawAngle4095                             0x20000706   Data           2  as5600.o(.bss.rawAngle4095)
    uwTick                                   0x20000708   Data           4  stm32f1xx_hal.o(.bss.uwTick)



==============================================================================

Memory Map of the image

  Image Entry point : 0x080000ed

  Load Region LR_IROM1 (Base: 0x08000000, Size: 0x000086a0, Max: 0x00010000, ABSOLUTE)

    Execution Region ER_IROM1 (Exec base: 0x08000000, Load base: 0x08000000, Size: 0x00008670, Max: 0x00010000, ABSOLUTE)

    Exec Addr    Load Addr    Size         Type   Attr      Idx    E Section Name        Object

    0x08000000   0x08000000   0x000000ec   Data   RO            3    RESET               startup_stm32f103xb.o
    0x080000ec   0x080000ec   0x00000008   Code   RO         1272  * !!!main             c_w.l(__main.o)
    0x080000f4   0x080000f4   0x0000005c   Code   RO         1600    !!!scatter          c_w.l(__scatter.o)
    0x08000150   0x08000150   0x0000001a   Code   RO         1604    !!handler_copy      c_w.l(__scatter_copy.o)
    0x0800016a   0x0800016a   0x00000002   PAD
    0x0800016c   0x0800016c   0x00000002   Code   RO         1601    !!handler_null      c_w.l(__scatter.o)
    0x0800016e   0x0800016e   0x00000002   PAD
    0x08000170   0x08000170   0x0000001c   Code   RO         1606    !!handler_zi        c_w.l(__scatter_zi.o)
    0x0800018c   0x0800018c   0x00000002   Code   RO         1529    .ARM.Collect$$libinit$$00000000  c_w.l(libinit.o)
    0x0800018e   0x0800018e   0x00000000   Code   RO         1351    .ARM.Collect$$libinit$$00000002  c_w.l(libinit2.o)
    0x0800018e   0x0800018e   0x00000000   Code   RO         1353    .ARM.Collect$$libinit$$00000004  c_w.l(libinit2.o)
    0x0800018e   0x0800018e   0x00000000   Code   RO         1355    .ARM.Collect$$libinit$$00000006  c_w.l(libinit2.o)
    0x0800018e   0x0800018e   0x00000008   Code   RO         1356    .ARM.Collect$$libinit$$00000007  c_w.l(libinit2.o)
    0x08000196   0x08000196   0x00000000   Code   RO         1358    .ARM.Collect$$libinit$$0000000C  c_w.l(libinit2.o)
    0x08000196   0x08000196   0x00000000   Code   RO         1360    .ARM.Collect$$libinit$$0000000E  c_w.l(libinit2.o)
    0x08000196   0x08000196   0x00000000   Code   RO         1362    .ARM.Collect$$libinit$$00000010  c_w.l(libinit2.o)
    0x08000196   0x08000196   0x00000000   Code   RO         1365    .ARM.Collect$$libinit$$00000013  c_w.l(libinit2.o)
    0x08000196   0x08000196   0x00000000   Code   RO         1367    .ARM.Collect$$libinit$$00000015  c_w.l(libinit2.o)
    0x08000196   0x08000196   0x00000000   Code   RO         1369    .ARM.Collect$$libinit$$00000017  c_w.l(libinit2.o)
    0x08000196   0x08000196   0x00000000   Code   RO         1371    .ARM.Collect$$libinit$$00000019  c_w.l(libinit2.o)
    0x08000196   0x08000196   0x00000000   Code   RO         1373    .ARM.Collect$$libinit$$0000001B  c_w.l(libinit2.o)
    0x08000196   0x08000196   0x00000000   Code   RO         1375    .ARM.Collect$$libinit$$0000001D  c_w.l(libinit2.o)
    0x08000196   0x08000196   0x00000000   Code   RO         1377    .ARM.Collect$$libinit$$0000001F  c_w.l(libinit2.o)
    0x08000196   0x08000196   0x00000000   Code   RO         1379    .ARM.Collect$$libinit$$00000021  c_w.l(libinit2.o)
    0x08000196   0x08000196   0x00000000   Code   RO         1381    .ARM.Collect$$libinit$$00000023  c_w.l(libinit2.o)
    0x08000196   0x08000196   0x00000000   Code   RO         1383    .ARM.Collect$$libinit$$00000025  c_w.l(libinit2.o)
    0x08000196   0x08000196   0x00000000   Code   RO         1385    .ARM.Collect$$libinit$$00000027  c_w.l(libinit2.o)
    0x08000196   0x08000196   0x00000000   Code   RO         1389    .ARM.Collect$$libinit$$0000002E  c_w.l(libinit2.o)
    0x08000196   0x08000196   0x00000000   Code   RO         1391    .ARM.Collect$$libinit$$00000030  c_w.l(libinit2.o)
    0x08000196   0x08000196   0x00000000   Code   RO         1393    .ARM.Collect$$libinit$$00000032  c_w.l(libinit2.o)
    0x08000196   0x08000196   0x00000000   Code   RO         1395    .ARM.Collect$$libinit$$00000034  c_w.l(libinit2.o)
    0x08000196   0x08000196   0x00000002   Code   RO         1396    .ARM.Collect$$libinit$$00000035  c_w.l(libinit2.o)
    0x08000198   0x08000198   0x00000002   Code   RO         1597    .ARM.Collect$$libshutdown$$00000000  c_w.l(libshutdown.o)
    0x0800019a   0x0800019a   0x00000000   Code   RO         1547    .ARM.Collect$$libshutdown$$00000002  c_w.l(libshutdown2.o)
    0x0800019a   0x0800019a   0x00000000   Code   RO         1549    .ARM.Collect$$libshutdown$$00000004  c_w.l(libshutdown2.o)
    0x0800019a   0x0800019a   0x00000000   Code   RO         1552    .ARM.Collect$$libshutdown$$00000007  c_w.l(libshutdown2.o)
    0x0800019a   0x0800019a   0x00000000   Code   RO         1555    .ARM.Collect$$libshutdown$$0000000A  c_w.l(libshutdown2.o)
    0x0800019a   0x0800019a   0x00000000   Code   RO         1557    .ARM.Collect$$libshutdown$$0000000C  c_w.l(libshutdown2.o)
    0x0800019a   0x0800019a   0x00000000   Code   RO         1560    .ARM.Collect$$libshutdown$$0000000F  c_w.l(libshutdown2.o)
    0x0800019a   0x0800019a   0x00000002   Code   RO         1561    .ARM.Collect$$libshutdown$$00000010  c_w.l(libshutdown2.o)
    0x0800019c   0x0800019c   0x00000000   Code   RO         1320    .ARM.Collect$$rtentry$$00000000  c_w.l(__rtentry.o)
    0x0800019c   0x0800019c   0x00000000   Code   RO         1445    .ARM.Collect$$rtentry$$00000002  c_w.l(__rtentry2.o)
    0x0800019c   0x0800019c   0x00000006   Code   RO         1457    .ARM.Collect$$rtentry$$00000004  c_w.l(__rtentry4.o)
    0x080001a2   0x080001a2   0x00000000   Code   RO         1447    .ARM.Collect$$rtentry$$00000009  c_w.l(__rtentry2.o)
    0x080001a2   0x080001a2   0x00000004   Code   RO         1448    .ARM.Collect$$rtentry$$0000000A  c_w.l(__rtentry2.o)
    0x080001a6   0x080001a6   0x00000000   Code   RO         1450    .ARM.Collect$$rtentry$$0000000C  c_w.l(__rtentry2.o)
    0x080001a6   0x080001a6   0x00000008   Code   RO         1451    .ARM.Collect$$rtentry$$0000000D  c_w.l(__rtentry2.o)
    0x080001ae   0x080001ae   0x00000002   Code   RO         1536    .ARM.Collect$$rtexit$$00000000  c_w.l(rtexit.o)
    0x080001b0   0x080001b0   0x00000000   Code   RO         1569    .ARM.Collect$$rtexit$$00000002  c_w.l(rtexit2.o)
    0x080001b0   0x080001b0   0x00000004   Code   RO         1570    .ARM.Collect$$rtexit$$00000003  c_w.l(rtexit2.o)
    0x080001b4   0x080001b4   0x00000006   Code   RO         1571    .ARM.Collect$$rtexit$$00000004  c_w.l(rtexit2.o)
    0x080001ba   0x080001ba   0x00000002   PAD
    0x080001bc   0x080001bc   0x00000040   Code   RO            4    .text               startup_stm32f103xb.o
    0x080001fc   0x080001fc   0x0000005e   Code   RO         1206    .text               c_w.l(h1_alloc.o)
    0x0800025a   0x0800025a   0x0000004e   Code   RO         1208    .text               c_w.l(h1_free.o)
    0x080002a8   0x080002a8   0x0000008a   Code   RO         1266    .text               c_w.l(rt_memcpy_v6.o)
    0x08000332   0x08000332   0x00000006   Code   RO         1270    .text               c_w.l(heapauxi.o)
    0x08000338   0x08000338   0x00000008   Code   RO         1324    .text               c_w.l(rt_heap_descriptor_intlibspace.o)
    0x08000340   0x08000340   0x00000004   Code   RO         1326    .text               c_w.l(hguard.o)
    0x08000344   0x08000344   0x0000008a   Code   RO         1328    .text               c_w.l(init_alloc.o)
    0x080003ce   0x080003ce   0x0000000c   Code   RO         1332    .text               c_w.l(h1_init.o)
    0x080003da   0x080003da   0x00000016   Code   RO         1344    .text               c_w.l(_rserrno.o)
    0x080003f0   0x080003f0   0x00000064   Code   RO         1346    .text               c_w.l(rt_memcpy_w.o)
    0x08000454   0x08000454   0x00000008   Code   RO         1441    .text               c_w.l(libspace.o)
    0x0800045c   0x0800045c   0x00000008   Code   RO         1462    .text               c_w.l(rt_errno_addr_intlibspace.o)
    0x08000464   0x08000464   0x00000000   Code   RO         1466    .text               c_w.l(maybetermalloc1.o)
    0x08000464   0x08000464   0x00000034   Code   RO         1468    .text               c_w.l(h1_extend.o)
    0x08000498   0x08000498   0x0000000e   Code   RO         1472    .text               c_w.l(defsig_rtmem_outer.o)
    0x080004a6   0x080004a6   0x00000002   Code   RO         1505    .text               c_w.l(use_no_semi.o)
    0x080004a8   0x080004a8   0x00000000   Code   RO         1507    .text               c_w.l(indicate_semi.o)
    0x080004a8   0x080004a8   0x0000004a   Code   RO         1508    .text               c_w.l(sys_stackheap_outer.o)
    0x080004f2   0x080004f2   0x00000012   Code   RO         1514    .text               c_w.l(exit.o)
    0x08000504   0x08000504   0x0000000a   Code   RO         1516    .text               c_w.l(defsig_exit.o)
    0x0800050e   0x0800050e   0x00000002   PAD
    0x08000510   0x08000510   0x00000050   Code   RO         1518    .text               c_w.l(defsig_rtmem_inner.o)
    0x08000560   0x08000560   0x0000000c   Code   RO         1532    .text               c_w.l(sys_exit.o)
    0x0800056c   0x0800056c   0x00000032   Code   RO         1544    .text               c_w.l(defsig_general.o)
    0x0800059e   0x0800059e   0x0000000e   Code   RO         1564    .text               c_w.l(sys_wrch.o)
    0x080005ac   0x080005ac   0x0000000c   Code   RO          106    .text.ADC1_2_IRQHandler  stm32f1xx_it.o
    0x080005b8   0x080005b8   0x000000ae   Code   RO          154    .text.ADC_Enable    stm32f1xx_hal_adc.o
    0x08000666   0x08000666   0x00000002   PAD
    0x08000668   0x08000668   0x00000002   Code   RO           94    .text.BusFault_Handler  stm32f1xx_it.o
    0x0800066a   0x0800066a   0x00000002   PAD
    0x0800066c   0x0800066c   0x00000022   Code   RO          108    .text.CAN1_RX1_IRQHandler  stm32f1xx_it.o
    0x0800068e   0x0800068e   0x00000002   PAD
    0x08000690   0x08000690   0x00000002   Code   RO          100    .text.DebugMon_Handler  stm32f1xx_it.o
    0x08000692   0x08000692   0x00000002   PAD
    0x08000694   0x08000694   0x0000001a   Code   RO           15    .text.Error_Handler  main.o
    0x080006ae   0x080006ae   0x00000002   PAD
    0x080006b0   0x080006b0   0x0000021a   Code   RO          226    .text.HAL_ADCEx_InjectedConfigChannel  stm32f1xx_hal_adc_ex.o
    0x080008ca   0x080008ca   0x00000002   PAD
    0x080008cc   0x080008cc   0x0000008c   Code   RO         1130    .text.HAL_ADCEx_InjectedConvCpltCallback  foc_init.o
    0x08000958   0x08000958   0x00000014   Code   RO          220    .text.HAL_ADCEx_InjectedGetValue  stm32f1xx_hal_adc_ex.o
    0x0800096c   0x0800096c   0x000000b8   Code   RO          212    .text.HAL_ADCEx_InjectedStart_IT  stm32f1xx_hal_adc_ex.o
    0x08000a24   0x08000a24   0x00000002   Code   RO          180    .text.HAL_ADC_ConvCpltCallback  stm32f1xx_hal_adc.o
    0x08000a26   0x08000a26   0x00000002   PAD
    0x08000a28   0x08000a28   0x000000ee   Code   RO          178    .text.HAL_ADC_IRQHandler  stm32f1xx_hal_adc.o
    0x08000b16   0x08000b16   0x00000002   PAD
    0x08000b18   0x08000b18   0x00000158   Code   RO          142    .text.HAL_ADC_Init  stm32f1xx_hal_adc.o
    0x08000c70   0x08000c70   0x00000002   Code   RO          182    .text.HAL_ADC_LevelOutOfWindowCallback  stm32f1xx_hal_adc.o
    0x08000c72   0x08000c72   0x00000002   PAD
    0x08000c74   0x08000c74   0x00000074   Code   RO           40    .text.HAL_ADC_MspInit  adc.o
    0x08000ce8   0x08000ce8   0x0000002e   Code   RO          605    .text.HAL_CAN_ActivateNotification  stm32f1xx_hal_can.o
    0x08000d16   0x08000d16   0x00000002   PAD
    0x08000d18   0x08000d18   0x000000ea   Code   RO          581    .text.HAL_CAN_ConfigFilter  stm32f1xx_hal_can.o
    0x08000e02   0x08000e02   0x00000002   PAD
    0x08000e04   0x08000e04   0x00000002   Code   RO          635    .text.HAL_CAN_ErrorCallback  stm32f1xx_hal_can.o
    0x08000e06   0x08000e06   0x00000002   PAD
    0x08000e08   0x08000e08   0x0000012e   Code   RO          601    .text.HAL_CAN_GetRxMessage  stm32f1xx_hal_can.o
    0x08000f36   0x08000f36   0x00000002   PAD
    0x08000f38   0x08000f38   0x0000025e   Code   RO          609    .text.HAL_CAN_IRQHandler  stm32f1xx_hal_can.o
    0x08001196   0x08001196   0x00000002   PAD
    0x08001198   0x08001198   0x000000f4   Code   RO          571    .text.HAL_CAN_Init  stm32f1xx_hal_can.o
    0x0800128c   0x0800128c   0x0000008e   Code   RO           55    .text.HAL_CAN_MspInit  can.o
    0x0800131a   0x0800131a   0x00000002   PAD
    0x0800131c   0x0800131c   0x00000002   Code   RO          623    .text.HAL_CAN_RxFifo0FullCallback  stm32f1xx_hal_can.o
    0x0800131e   0x0800131e   0x00000002   PAD
    0x08001320   0x08001320   0x00000002   Code   RO          625    .text.HAL_CAN_RxFifo0MsgPendingCallback  stm32f1xx_hal_can.o
    0x08001322   0x08001322   0x00000002   PAD
    0x08001324   0x08001324   0x00000002   Code   RO          627    .text.HAL_CAN_RxFifo1FullCallback  stm32f1xx_hal_can.o
    0x08001326   0x08001326   0x00000002   PAD
    0x08001328   0x08001328   0x00000002   Code   RO          629    .text.HAL_CAN_RxFifo1MsgPendingCallback  stm32f1xx_hal_can.o
    0x0800132a   0x0800132a   0x00000002   PAD
    0x0800132c   0x0800132c   0x00000002   Code   RO          631    .text.HAL_CAN_SleepCallback  stm32f1xx_hal_can.o
    0x0800132e   0x0800132e   0x00000002   PAD
    0x08001330   0x08001330   0x0000005a   Code   RO          583    .text.HAL_CAN_Start  stm32f1xx_hal_can.o
    0x0800138a   0x0800138a   0x00000002   PAD
    0x0800138c   0x0800138c   0x00000002   Code   RO          613    .text.HAL_CAN_TxMailbox0AbortCallback  stm32f1xx_hal_can.o
    0x0800138e   0x0800138e   0x00000002   PAD
    0x08001390   0x08001390   0x00000002   Code   RO          611    .text.HAL_CAN_TxMailbox0CompleteCallback  stm32f1xx_hal_can.o
    0x08001392   0x08001392   0x00000002   PAD
    0x08001394   0x08001394   0x00000002   Code   RO          617    .text.HAL_CAN_TxMailbox1AbortCallback  stm32f1xx_hal_can.o
    0x08001396   0x08001396   0x00000002   PAD
    0x08001398   0x08001398   0x00000002   Code   RO          615    .text.HAL_CAN_TxMailbox1CompleteCallback  stm32f1xx_hal_can.o
    0x0800139a   0x0800139a   0x00000002   PAD
    0x0800139c   0x0800139c   0x00000002   Code   RO          621    .text.HAL_CAN_TxMailbox2AbortCallback  stm32f1xx_hal_can.o
    0x0800139e   0x0800139e   0x00000002   PAD
    0x080013a0   0x080013a0   0x00000002   Code   RO          619    .text.HAL_CAN_TxMailbox2CompleteCallback  stm32f1xx_hal_can.o
    0x080013a2   0x080013a2   0x00000002   PAD
    0x080013a4   0x080013a4   0x00000002   Code   RO          633    .text.HAL_CAN_WakeUpFromRxMsgCallback  stm32f1xx_hal_can.o
    0x080013a6   0x080013a6   0x00000002   PAD
    0x080013a8   0x080013a8   0x00000028   Code   RO          258    .text.HAL_Delay     stm32f1xx_hal.o
    0x080013d0   0x080013d0   0x0000020e   Code   RO          350    .text.HAL_GPIO_Init  stm32f1xx_hal_gpio.o
    0x080015de   0x080015de   0x00000002   PAD
    0x080015e0   0x080015e0   0x0000000a   Code   RO          354    .text.HAL_GPIO_ReadPin  stm32f1xx_hal_gpio.o
    0x080015ea   0x080015ea   0x00000002   PAD
    0x080015ec   0x080015ec   0x00000010   Code   RO          358    .text.HAL_GPIO_TogglePin  stm32f1xx_hal_gpio.o
    0x080015fc   0x080015fc   0x0000000a   Code   RO          356    .text.HAL_GPIO_WritePin  stm32f1xx_hal_gpio.o
    0x08001606   0x08001606   0x00000002   PAD
    0x08001608   0x08001608   0x0000000c   Code   RO          250    .text.HAL_GetTick   stm32f1xx_hal.o
    0x08001614   0x08001614   0x0000001a   Code   RO          248    .text.HAL_IncTick   stm32f1xx_hal.o
    0x0800162e   0x0800162e   0x00000002   PAD
    0x08001630   0x08001630   0x00000026   Code   RO          238    .text.HAL_Init      stm32f1xx_hal.o
    0x08001656   0x08001656   0x00000002   PAD
    0x08001658   0x08001658   0x00000048   Code   RO          240    .text.HAL_InitTick  stm32f1xx_hal.o
    0x080016a0   0x080016a0   0x00000042   Code   RO          119    .text.HAL_MspInit   stm32f1xx_hal_msp.o
    0x080016e2   0x080016e2   0x00000002   PAD
    0x080016e4   0x080016e4   0x00000022   Code   RO          410    .text.HAL_NVIC_EnableIRQ  stm32f1xx_hal_cortex.o
    0x08001706   0x08001706   0x00000002   PAD
    0x08001708   0x08001708   0x00000056   Code   RO          408    .text.HAL_NVIC_SetPriority  stm32f1xx_hal_cortex.o
    0x0800175e   0x0800175e   0x00000002   PAD
    0x08001760   0x08001760   0x00000020   Code   RO          406    .text.HAL_NVIC_SetPriorityGrouping  stm32f1xx_hal_cortex.o
    0x08001780   0x08001780   0x00000102   Code   RO          336    .text.HAL_RCCEx_PeriphCLKConfig  stm32f1xx_hal_rcc_ex.o
    0x08001882   0x08001882   0x00000002   PAD
    0x08001884   0x08001884   0x000001ba   Code   RO          302    .text.HAL_RCC_ClockConfig  stm32f1xx_hal_rcc.o
    0x08001a3e   0x08001a3e   0x00000002   PAD
    0x08001a40   0x08001a40   0x00000400   Code   RO          300    .text.HAL_RCC_OscConfig  stm32f1xx_hal_rcc.o
    0x08001e40   0x08001e40   0x0000002c   Code   RO          418    .text.HAL_SYSTICK_Config  stm32f1xx_hal_cortex.o
    0x08001e6c   0x08001e6c   0x00000002   Code   RO          956    .text.HAL_TIMEx_BreakCallback  stm32f1xx_hal_tim_ex.o
    0x08001e6e   0x08001e6e   0x00000002   PAD
    0x08001e70   0x08001e70   0x00000002   Code   RO          952    .text.HAL_TIMEx_CommutCallback  stm32f1xx_hal_tim_ex.o
    0x08001e72   0x08001e72   0x00000002   PAD
    0x08001e74   0x08001e74   0x0000004c   Code   RO          948    .text.HAL_TIMEx_ConfigBreakDeadTime  stm32f1xx_hal_tim_ex.o
    0x08001ec0   0x08001ec0   0x0000007e   Code   RO          946    .text.HAL_TIMEx_MasterConfigSynchronization  stm32f1xx_hal_tim_ex.o
    0x08001f3e   0x08001f3e   0x00000002   PAD
    0x08001f40   0x08001f40   0x000000fa   Code   RO          651    .text.HAL_TIM_Base_Init  stm32f1xx_hal_tim.o
    0x0800203a   0x0800203a   0x00000002   PAD
    0x0800203c   0x0800203c   0x00000074   Code   RO           74    .text.HAL_TIM_Base_MspInit  tim.o
    0x080020b0   0x080020b0   0x0000006e   Code   RO          665    .text.HAL_TIM_Base_Start_IT  stm32f1xx_hal_tim.o
    0x0800211e   0x0800211e   0x00000002   PAD
    0x08002120   0x08002120   0x000001a0   Code   RO          831    .text.HAL_TIM_ConfigClockSource  stm32f1xx_hal_tim.o
    0x080022c0   0x080022c0   0x00000002   Code   RO          787    .text.HAL_TIM_IC_CaptureCallback  stm32f1xx_hal_tim.o
    0x080022c2   0x080022c2   0x00000002   PAD
    0x080022c4   0x080022c4   0x0000014e   Code   RO          785    .text.HAL_TIM_IRQHandler  stm32f1xx_hal_tim.o
    0x08002412   0x08002412   0x00000002   PAD
    0x08002414   0x08002414   0x000001a4   Code   RO          797    .text.HAL_TIM_OC_ConfigChannel  stm32f1xx_hal_tim.o
    0x080025b8   0x080025b8   0x0000003a   Code   RO         1132    .text.HAL_TIM_OC_DelayElapsedCallback  foc_init.o
    0x080025f2   0x080025f2   0x00000002   PAD
    0x080025f4   0x080025f4   0x000000fa   Code   RO          679    .text.HAL_TIM_OC_Init  stm32f1xx_hal_tim.o
    0x080026ee   0x080026ee   0x00000002   PAD
    0x080026f0   0x080026f0   0x00000002   Code   RO          681    .text.HAL_TIM_OC_MspInit  stm32f1xx_hal_tim.o
    0x080026f2   0x080026f2   0x00000002   PAD
    0x080026f4   0x080026f4   0x0000011a   Code   RO          693    .text.HAL_TIM_OC_Start_IT  stm32f1xx_hal_tim.o
    0x0800280e   0x0800280e   0x00000002   PAD
    0x08002810   0x08002810   0x00000204   Code   RO          805    .text.HAL_TIM_PWM_ConfigChannel  stm32f1xx_hal_tim.o
    0x08002a14   0x08002a14   0x000000fa   Code   RO          705    .text.HAL_TIM_PWM_Init  stm32f1xx_hal_tim.o
    0x08002b0e   0x08002b0e   0x00000002   PAD
    0x08002b10   0x08002b10   0x00000002   Code   RO          707    .text.HAL_TIM_PWM_MspInit  stm32f1xx_hal_tim.o
    0x08002b12   0x08002b12   0x00000002   PAD
    0x08002b14   0x08002b14   0x00000002   Code   RO          791    .text.HAL_TIM_PWM_PulseFinishedCallback  stm32f1xx_hal_tim.o
    0x08002b16   0x08002b16   0x00000002   PAD
    0x08002b18   0x08002b18   0x000000da   Code   RO          713    .text.HAL_TIM_PWM_Start  stm32f1xx_hal_tim.o
    0x08002bf2   0x08002bf2   0x00000002   PAD
    0x08002bf4   0x08002bf4   0x00000002   Code   RO          793    .text.HAL_TIM_PeriodElapsedCallback  stm32f1xx_hal_tim.o
    0x08002bf6   0x08002bf6   0x00000002   PAD
    0x08002bf8   0x08002bf8   0x00000002   Code   RO          795    .text.HAL_TIM_TriggerCallback  stm32f1xx_hal_tim.o
    0x08002bfa   0x08002bfa   0x00000002   PAD
    0x08002bfc   0x08002bfc   0x00000002   Code   RO           90    .text.HardFault_Handler  stm32f1xx_it.o
    0x08002bfe   0x08002bfe   0x00000002   PAD
    0x08002c00   0x08002c00   0x0000005c   Code   RO          985    .text.I2C_Init      soft_iic.o
    0x08002c5c   0x08002c5c   0x000004fa   Code   RO          995    .text.I2C_Read_Byte  soft_iic.o
    0x08003156   0x08003156   0x00000002   PAD
    0x08003158   0x08003158   0x00000ff6   Code   RO          993    .text.I2C_Read_Bytes  soft_iic.o
    0x0800414e   0x0800414e   0x00000002   PAD
    0x08004150   0x08004150   0x000000aa   Code   RO          989    .text.I2C_Start     soft_iic.o
    0x080041fa   0x080041fa   0x00000002   PAD
    0x080041fc   0x080041fc   0x000000d8   Code   RO          991    .text.I2C_Wait_Ack  soft_iic.o
    0x080042d4   0x080042d4   0x00000fdc   Code   RO          987    .text.I2C_Write_Bytes  soft_iic.o
    0x080052b0   0x080052b0   0x00000088   Code   RO           38    .text.MX_ADC1_Init  adc.o
    0x08005338   0x08005338   0x00000070   Code   RO           53    .text.MX_CAN_Init   can.o
    0x080053a8   0x080053a8   0x00000068   Code   RO           29    .text.MX_GPIO_Init  gpio.o
    0x08005410   0x08005410   0x000001b0   Code   RO           68    .text.MX_TIM1_Init  tim.o
    0x080055c0   0x080055c0   0x00000072   Code   RO           72    .text.MX_TIM2_Init  tim.o
    0x08005632   0x08005632   0x00000002   PAD
    0x08005634   0x08005634   0x00000002   Code   RO           92    .text.MemManage_Handler  stm32f1xx_it.o
    0x08005636   0x08005636   0x00000002   PAD
    0x08005638   0x08005638   0x00000002   Code   RO           88    .text.NMI_Handler   stm32f1xx_it.o
    0x0800563a   0x0800563a   0x00000002   PAD
    0x0800563c   0x0800563c   0x00000002   Code   RO          102    .text.PendSV_Handler  stm32f1xx_it.o
    0x0800563e   0x0800563e   0x00000002   PAD
    0x08005640   0x08005640   0x00000076   Code   RO         1087    .text.SEGGER_RTT_Init  segger_rtt.o
    0x080056b6   0x080056b6   0x00000002   PAD
    0x080056b8   0x080056b8   0x0000009a   Code   RO         1051    .text.SEGGER_RTT_Write  segger_rtt.o
    0x08005752   0x08005752   0x00000002   PAD
    0x08005754   0x08005754   0x00000146   Code   RO         1049    .text.SEGGER_RTT_WriteNoLock  segger_rtt.o
    0x0800589a   0x0800589a   0x00000002   PAD
    0x0800589c   0x0800589c   0x0000001e   Code   RO         1110    .text.SEGGER_RTT_printf  segger_rtt_printf.o
    0x080058ba   0x080058ba   0x00000002   PAD
    0x080058bc   0x080058bc   0x00000636   Code   RO         1106    .text.SEGGER_RTT_vprintf  segger_rtt_printf.o
    0x08005ef2   0x08005ef2   0x00000002   PAD
    0x08005ef4   0x08005ef4   0x00000002   Code   RO           98    .text.SVC_Handler   stm32f1xx_it.o
    0x08005ef6   0x08005ef6   0x00000002   PAD
    0x08005ef8   0x08005ef8   0x00000004   Code   RO          104    .text.SysTick_Handler  stm32f1xx_it.o
    0x08005efc   0x08005efc   0x000000b4   Code   RO           13    .text.SystemClock_Config  main.o
    0x08005fb0   0x08005fb0   0x00000002   Code   RO          970    .text.SystemInit    system_stm32f1xx.o
    0x08005fb2   0x08005fb2   0x00000002   PAD
    0x08005fb4   0x08005fb4   0x0000000c   Code   RO          110    .text.TIM1_CC_IRQHandler  stm32f1xx_it.o
    0x08005fc0   0x08005fc0   0x00000026   Code   RO         1134    .text.TIM2_IRQHandler  foc_init.o
    0x08005fe6   0x08005fe6   0x00000002   PAD
    0x08005fe8   0x08005fe8   0x00000002   Code   RO           96    .text.UsageFault_Handler  stm32f1xx_it.o
    0x08005fea   0x08005fea   0x00000002   PAD
    0x08005fec   0x08005fec   0x000001f8   Code   RO         1108    .text._PrintUnsigned  segger_rtt_printf.o
    0x080061e4   0x080061e4   0x00000050   Code   RO         1010    .text.as5600GetAngleRadians  as5600.o
    0x08006234   0x08006234   0x00000056   Code   RO         1020    .text.as5600Init    as5600.o
    0x0800628a   0x0800628a   0x00000002   PAD
    0x0800628c   0x0800628c   0x0000016e   Code   RO         1179    .text.foc_adc_offset_get  foc_core.o
    0x080063fa   0x080063fa   0x00000002   PAD
    0x080063fc   0x080063fc   0x000001c6   Code   RO         1175    .text.foc_control   foc_core.o
    0x080065c2   0x080065c2   0x00000002   PAD
    0x080065c4   0x080065c4   0x000001a8   Code   RO         1165    .text.foc_get_pwm_duty  foc_core.o
    0x0800676c   0x0800676c   0x00000160   Code   RO         1161    .text.foc_get_vector_normalize  foc_core.o
    0x080068cc   0x080068cc   0x0000002a   Code   RO         1169    .text.foc_init      foc_core.o
    0x080068f6   0x080068f6   0x00000002   PAD
    0x080068f8   0x080068f8   0x00000012   Code   RO         1120    .text.foc_output    foc_init.o
    0x0800690a   0x0800690a   0x00000002   PAD
    0x0800690c   0x0800690c   0x000000e6   Code   RO         1122    .text.foc_root_init  foc_init.o
    0x080069f2   0x080069f2   0x00000002   PAD
    0x080069f4   0x080069f4   0x0000006c   Code   RO         1171    .text.foc_sensor_updata  foc_core.o
    0x08006a60   0x08006a60   0x0000005c   Code   RO         1128    .text.foc_set_target  foc_init.o
    0x08006abc   0x08006abc   0x00000006   Code   RO         1173    .text.foc_target_updata  foc_core.o
    0x08006ac2   0x08006ac2   0x00000002   PAD
    0x08006ac4   0x08006ac4   0x00000064   Code   RO         1177    .text.foc_zero_reset  foc_core.o
    0x08006b28   0x08006b28   0x0000000a   Code   RO         1033    .text.log_init      log.o
    0x08006b32   0x08006b32   0x00000002   PAD
    0x08006b34   0x08006b34   0x00000040   Code   RO           11    .text.main          main.o
    0x08006b74   0x08006b74   0x00000028   Code   RO         1501    i.__ARM_fpclassify  m_ws.l(fpclassify.o)
    0x08006b9c   0x08006b9c   0x00000388   Code   RO         1429    i.__ieee754_rem_pio2  m_ws.l(rred.o)
    0x08006f24   0x08006f24   0x000000fc   Code   RO         1412    i.__kernel_cos      m_ws.l(cos_i.o)
    0x08007020   0x08007020   0x000000aa   Code   RO         1503    i.__kernel_poly     m_ws.l(poly.o)
    0x080070ca   0x080070ca   0x00000002   PAD
    0x080070cc   0x080070cc   0x000000ec   Code   RO         1434    i.__kernel_sin      m_ws.l(sin_i.o)
    0x080071b8   0x080071b8   0x00000006   Code   RO         1416    i.__mathlib_dbl_infnan  m_ws.l(dunder.o)
    0x080071be   0x080071be   0x0000000c   Code   RO         1418    i.__mathlib_dbl_invalid  m_ws.l(dunder.o)
    0x080071ca   0x080071ca   0x00000002   PAD
    0x080071cc   0x080071cc   0x00000010   Code   RO         1421    i.__mathlib_dbl_underflow  m_ws.l(dunder.o)
    0x080071dc   0x080071dc   0x0000009c   Code   RO         1311    i.cos               m_ws.l(cos.o)
    0x08007278   0x08007278   0x000000a0   Code   RO         1315    i.sin               m_ws.l(sin.o)
    0x08007318   0x08007318   0x00000062   Code   RO         1274    x$fpl$d2f           fz_ws.l(d2f.o)
    0x0800737a   0x0800737a   0x00000002   PAD
    0x0800737c   0x0800737c   0x00000150   Code   RO         1276    x$fpl$dadd          fz_ws.l(daddsub_clz.o)
    0x080074cc   0x080074cc   0x00000010   Code   RO         1530    x$fpl$dcheck1       fz_ws.l(dcheck1.o)
    0x080074dc   0x080074dc   0x000002b8   Code   RO         1482    x$fpl$ddiv          fz_ws.l(ddiv.o)
    0x08007794   0x08007794   0x0000005e   Code   RO         1485    x$fpl$dfix          fz_ws.l(dfix.o)
    0x080077f2   0x080077f2   0x0000002e   Code   RO         1490    x$fpl$dflt          fz_ws.l(dflt_clz.o)
    0x08007820   0x08007820   0x00000026   Code   RO         1489    x$fpl$dfltu         fz_ws.l(dflt_clz.o)
    0x08007846   0x08007846   0x00000002   PAD
    0x08007848   0x08007848   0x00000154   Code   RO         1282    x$fpl$dmul          fz_ws.l(dmul.o)
    0x0800799c   0x0800799c   0x0000009c   Code   RO         1397    x$fpl$dnaninf       fz_ws.l(dnaninf.o)
    0x08007a38   0x08007a38   0x0000000c   Code   RO         1399    x$fpl$dretinf       fz_ws.l(dretinf.o)
    0x08007a44   0x08007a44   0x00000016   Code   RO         1277    x$fpl$drsb          fz_ws.l(daddsub_clz.o)
    0x08007a5a   0x08007a5a   0x00000002   PAD
    0x08007a5c   0x08007a5c   0x000001dc   Code   RO         1278    x$fpl$dsub          fz_ws.l(daddsub_clz.o)
    0x08007c38   0x08007c38   0x00000056   Code   RO         1284    x$fpl$f2d           fz_ws.l(f2d.o)
    0x08007c8e   0x08007c8e   0x00000002   PAD
    0x08007c90   0x08007c90   0x000000c4   Code   RO         1286    x$fpl$fadd          fz_ws.l(faddsub_clz.o)
    0x08007d54   0x08007d54   0x00000054   Code   RO         1292    x$fpl$fcmp          fz_ws.l(fcmp.o)
    0x08007da8   0x08007da8   0x00000018   Code   RO         1495    x$fpl$fcmpinf       fz_ws.l(fcmpi.o)
    0x08007dc0   0x08007dc0   0x00000184   Code   RO         1295    x$fpl$fdiv          fz_ws.l(fdiv.o)
    0x08007f44   0x08007f44   0x00000068   Code   RO         1401    x$fpl$feqf          fz_ws.l(feqf.o)
    0x08007fac   0x08007fac   0x00000036   Code   RO         1298    x$fpl$ffix          fz_ws.l(ffix.o)
    0x08007fe2   0x08007fe2   0x00000002   PAD
    0x08007fe4   0x08007fe4   0x00000030   Code   RO         1303    x$fpl$fflt          fz_ws.l(fflt_clz.o)
    0x08008014   0x08008014   0x00000026   Code   RO         1302    x$fpl$ffltu         fz_ws.l(fflt_clz.o)
    0x0800803a   0x0800803a   0x00000002   PAD
    0x0800803c   0x0800803c   0x00000068   Code   RO         1403    x$fpl$fgeqf         fz_ws.l(fgeqf.o)
    0x080080a4   0x080080a4   0x00000068   Code   RO         1405    x$fpl$fleqf         fz_ws.l(fleqf.o)
    0x0800810c   0x0800810c   0x00000102   Code   RO         1308    x$fpl$fmul          fz_ws.l(fmul.o)
    0x0800820e   0x0800820e   0x0000008c   Code   RO         1407    x$fpl$fnaninf       fz_ws.l(fnaninf.o)
    0x0800829a   0x0800829a   0x0000000a   Code   RO         1409    x$fpl$fretinf       fz_ws.l(fretinf.o)
    0x080082a4   0x080082a4   0x000000ea   Code   RO         1288    x$fpl$fsub          fz_ws.l(faddsub_clz.o)
    0x0800838e   0x0800838e   0x00000064   Code   RO         1562    x$fpl$retnan        fz_ws.l(retnan.o)
    0x080083f2   0x080083f2   0x0000005c   Code   RO         1499    x$fpl$scalbn        fz_ws.l(scalbn.o)
    0x0800844e   0x0800844e   0x00000030   Code   RO         1577    x$fpl$trapveneer    fz_ws.l(trapv.o)
    0x0800847e   0x0800847e   0x00000000   Code   RO         1411    x$fpl$usenofp       fz_ws.l(usenofp.o)
    0x0800847e   0x0800847e   0x00000002   PAD
    0x08008480   0x08008480   0x00000030   Data   RO         1413    .constdata          m_ws.l(cos_i.o)
    0x080084b0   0x080084b0   0x000000cc   Data   RO         1431    .constdata          m_ws.l(rred.o)
    0x0800857c   0x0800857c   0x00000004   PAD
    0x08008580   0x08008580   0x00000028   Data   RO         1435    .constdata          m_ws.l(sin_i.o)
    0x080085a8   0x080085a8   0x00000010   Data   RO          975    .rodata.AHBPrescTable  system_stm32f1xx.o
    0x080085b8   0x080085b8   0x00000002   Data   RO          327    .rodata.HAL_RCC_GetSysClockFreq.aPredivFactorTable  stm32f1xx_hal_rcc.o
    0x080085ba   0x080085ba   0x00000006   Data   RO         1181    .rodata.N2sector    foc_core.o
    0x080085c0   0x080085c0   0x00000010   Data   RO          326    .rodata.cst16       stm32f1xx_hal_rcc.o
    0x080085d0   0x080085d0   0x00000030   Data   RO          871    .rodata.cst16       stm32f1xx_hal_tim.o
    0x08008600   0x08008600   0x0000000c   Data   RO         1182    .rodata.sector2vector  foc_core.o
    0x0800860c   0x0800860c   0x00000024   Data   RO         1183    .rodata.sector2vector_mask  foc_core.o
    0x08008630   0x08008630   0x0000000e   Data   RO           17    .rodata.str1.1      main.o
    0x0800863e   0x0800863e   0x00000010   Data   RO         1095    .rodata.str1.1      segger_rtt.o
    0x0800864e   0x0800864e   0x00000002   PAD
    0x08008650   0x08008650   0x00000020   Data   RO         1599    Region$$Table       anon$$obj.o


    Execution Region RW_IRAM1 (Exec base: 0x20000000, Load base: 0x08008670, Size: 0x00001110, Max: 0x00005000, ABSOLUTE)

    Exec Addr    Load Addr    Size         Type   Attr      Idx    E Section Name        Object

    0x20000000   0x08008670   0x00000008   Data   RW          289    .data..L_MergedGlobals  stm32f1xx_hal.o
    0x20000008   0x08008678   0x00000004   Data   RW          974    .data.SystemCoreClock  system_stm32f1xx.o
    0x2000000c   0x0800867c   0x00000020   Data   RW         1136    .data.cfg           foc_init.o
    0x2000002c   0x0800869c   0x00000004   PAD
    0x20000030        -       0x00000060   Zero   RW         1442    .bss                c_w.l(libspace.o)
    0x20000090        -       0x00000011   Zero   RW         1097    .bss..L_MergedGlobals  segger_rtt.o
    0x200000a1   0x0800869c   0x00000001   PAD
    0x200000a2        -       0x0000000a   Zero   RW         1140    .bss..L_MergedGlobals  foc_init.o
    0x200000ac        -       0x000000a8   Zero   RW         1093    .bss._SEGGER_RTT    segger_rtt.o
    0x20000154        -       0x00000400   Zero   RW         1096    .bss._acUpBuffer    segger_rtt.o
    0x20000554        -       0x000000c8   Zero   RW         1137    .bss.foc            foc_init.o
    0x2000061c        -       0x00000030   Zero   RW           44    .bss.hadc1          adc.o
    0x2000064c        -       0x00000028   Zero   RW           59    .bss.hcan           can.o
    0x20000674        -       0x00000048   Zero   RW           78    .bss.htim1          tim.o
    0x200006bc        -       0x00000048   Zero   RW           79    .bss.htim2          tim.o
    0x20000704        -       0x00000002   Zero   RW          997    .bss.iic_time_out_cnt  soft_iic.o
    0x20000706        -       0x00000002   Zero   RW         1024    .bss.rawAngle4095   as5600.o
    0x20000708        -       0x00000004   Zero   RW          288    .bss.uwTick         stm32f1xx_hal.o
    0x2000070c   0x0800869c   0x00000004   PAD
    0x20000710        -       0x00000600   Zero   RW            2    HEAP                startup_stm32f103xb.o
    0x20000d10        -       0x00000400   Zero   RW            1    STACK               startup_stm32f103xb.o


==============================================================================

Image component sizes


      Code (inc. data)   RO Data    RW Data    ZI Data      Debug   Object Name

       252          0          0          0         48       5841   adc.o
       166          0          0          0          2       3595   as5600.o
       254          0          0          0         40       5375   can.o
      1852          0         54          0          0       9827   foc_core.o
       576          0          0         32        210       9381   foc_init.o
       104          0          0          0          0       1489   gpio.o
        10          0          0          0          0        399   log.o
       270          0         14          0          0       2748   main.o
       598          0         16          0       1209      23505   segger_rtt.o
      2124        112          0          0          0       9480   segger_rtt_printf.o
      9898          0          0          0          2      19151   soft_iic.o
        64         26        236          0       2560        792   startup_stm32f103xb.o
       188          0          0          8          4       5754   stm32f1xx_hal.o
       760          0          0          0          0      13525   stm32f1xx_hal_adc.o
       742          0          0          0          0       9861   stm32f1xx_hal_adc_ex.o
      1548          6          0          0          0      13858   stm32f1xx_hal_can.o
       196          0          0          0          0       8409   stm32f1xx_hal_cortex.o
       562         22          0          0          0       4751   stm32f1xx_hal_gpio.o
        66          0          0          0          0       1195   stm32f1xx_hal_msp.o
      1466          0         18          0          0       8062   stm32f1xx_hal_rcc.o
       258          0          0          0          0       3666   stm32f1xx_hal_rcc_ex.o
      3058         12         48          0          0      58566   stm32f1xx_hal_tim.o
       206          0          0          0          0      21207   stm32f1xx_hal_tim_ex.o
        78          0          0          0          0       5878   stm32f1xx_it.o
         2          0         16          4          0       1573   system_stm32f1xx.o
       662          0          0          0        144       8061   tim.o

    ----------------------------------------------------------------------
     26120        178        436         44       4228     255949   Object Totals
         0          0         32          0          0          0   (incl. Generated)
       160          0          2          0          9          0   (incl. Padding)

    ----------------------------------------------------------------------

      Code (inc. data)   RO Data    RW Data    ZI Data      Debug   Library Member Name

         8          0          0          0          0         68   __main.o
         0          0          0          0          0          0   __rtentry.o
        12          0          0          0          0          0   __rtentry2.o
         6          0          0          0          0          0   __rtentry4.o
        94          8          0          0          0          0   __scatter.o
        26          0          0          0          0          0   __scatter_copy.o
        28          0          0          0          0          0   __scatter_zi.o
        22          0          0          0          0        100   _rserrno.o
        10          0          0          0          0         68   defsig_exit.o
        50          0          0          0          0         88   defsig_general.o
        80         58          0          0          0         76   defsig_rtmem_inner.o
        14          0          0          0          0         80   defsig_rtmem_outer.o
        18          0          0          0          0         80   exit.o
        94          0          0          0          0         80   h1_alloc.o
        52          0          0          0          0         68   h1_extend.o
        78          0          0          0          0         80   h1_free.o
        12          0          0          0          0         84   h1_init.o
         6          0          0          0          0        152   heapauxi.o
         4          0          0          0          0        136   hguard.o
         0          0          0          0          0          0   indicate_semi.o
       138          0          0          0          0        168   init_alloc.o
         2          0          0          0          0          0   libinit.o
        10          0          0          0          0          0   libinit2.o
         2          0          0          0          0          0   libshutdown.o
         2          0          0          0          0          0   libshutdown2.o
         8          4          0          0         96         68   libspace.o
         0          0          0          0          0          0   maybetermalloc1.o
         8          4          0          0          0         68   rt_errno_addr_intlibspace.o
         8          4          0          0          0         68   rt_heap_descriptor_intlibspace.o
       138          0          0          0          0         68   rt_memcpy_v6.o
       100          0          0          0          0         80   rt_memcpy_w.o
         2          0          0          0          0          0   rtexit.o
        10          0          0          0          0          0   rtexit2.o
        12          4          0          0          0         68   sys_exit.o
        74          0          0          0          0         80   sys_stackheap_outer.o
        14          0          0          0          0         76   sys_wrch.o
         2          0          0          0          0         68   use_no_semi.o
        98          4          0          0          0         92   d2f.o
       834         16          0          0          0        372   daddsub_clz.o
        16          4          0          0          0         68   dcheck1.o
       696        140          0          0          0        216   ddiv.o
        94          4          0          0          0         92   dfix.o
        84          0          0          0          0        136   dflt_clz.o
       340         12          0          0          0        104   dmul.o
       156          4          0          0          0         92   dnaninf.o
        12          0          0          0          0         68   dretinf.o
        86          4          0          0          0         84   f2d.o
       430          8          0          0          0        168   faddsub_clz.o
        84          0          0          0          0        196   fcmp.o
        24          0          0          0          0         68   fcmpi.o
       388         76          0          0          0         96   fdiv.o
       104          4          0          0          0         84   feqf.o
        54          4          0          0          0         84   ffix.o
        86          0          0          0          0        136   fflt_clz.o
       104          4          0          0          0         84   fgeqf.o
       104          4          0          0          0         84   fleqf.o
       258          4          0          0          0         84   fmul.o
       140          4          0          0          0         84   fnaninf.o
        10          0          0          0          0         68   fretinf.o
       100          0          0          0          0         68   retnan.o
        92          0          0          0          0         68   scalbn.o
        48          0          0          0          0         68   trapv.o
         0          0          0          0          0          0   usenofp.o
       156          8          0          0          0        104   cos.o
       252         22         48          0          0        124   cos_i.o
        34          6          0          0          0        204   dunder.o
        40          0          0          0          0         68   fpclassify.o
       170          0          0          0          0         96   poly.o
       904         76        204          0          0        140   rred.o
       160         10          0          0          0        108   sin.o
       236         12         40          0          0        128   sin_i.o

    ----------------------------------------------------------------------
      7564        512        296          0         96       5708   Library Totals
        26          0          4          0          0          0   (incl. Padding)

    ----------------------------------------------------------------------

      Code (inc. data)   RO Data    RW Data    ZI Data      Debug   Library Name

      1144         82          0          0         96       1972   c_w.l
      4442        296          0          0          0       2764   fz_ws.l
      1952        134        292          0          0        972   m_ws.l

    ----------------------------------------------------------------------
      7564        512        296          0         96       5708   Library Totals

    ----------------------------------------------------------------------

==============================================================================


      Code (inc. data)   RO Data    RW Data    ZI Data      Debug   

     33684        690        732         44       4324     258173   Grand Totals
     33684        690        732         44       4324     258173   ELF Image Totals
     33684        690        732         44          0          0   ROM Totals

==============================================================================

    Total RO  Size (Code + RO Data)                34416 (  33.61kB)
    Total RW  Size (RW Data + ZI Data)              4368 (   4.27kB)
    Total ROM Size (Code + RO Data + RW Data)      34460 (  33.65kB)

==============================================================================

